Archive member included to satisfy reference by file (symbol)

app/libapp.a(main.c.obj)      (--whole-archive)
zephyr/libzephyr.a(crc32_sw.c.obj)
                              (--whole-archive)
zephyr/libzephyr.a(crc16_sw.c.obj)
                              (--whole-archive)
zephyr/libzephyr.a(crc8_sw.c.obj)
                              (--whole-archive)
zephyr/libzephyr.a(crc7_sw.c.obj)
                              (--whole-archive)
zephyr/libzephyr.a(dec.c.obj)
                              (--whole-archive)
zephyr/libzephyr.a(fdtable.c.obj)
                              (--whole-archive)
zephyr/libzephyr.a(hex.c.obj)
                              (--whole-archive)
zephyr/libzephyr.a(mempool.c.obj)
                              (--whole-archive)
zephyr/libzephyr.a(printk.c.obj)
                              (--whole-archive)
zephyr/libzephyr.a(rb.c.obj)  (--whole-archive)
zephyr/libzephyr.a(sem.c.obj)
                              (--whole-archive)
zephyr/libzephyr.a(thread_entry.c.obj)
                              (--whole-archive)
zephyr/libzephyr.a(timeutil.c.obj)
                              (--whole-archive)
zephyr/libzephyr.a(work_q.c.obj)
                              (--whole-archive)
zephyr/libzephyr.a(configs.c.obj)
                              (--whole-archive)
zephyr/libzephyr.a(validate_base_addresses.c.obj)
                              (--whole-archive)
zephyr/libzephyr.a(power.c.obj)
                              (--whole-archive)
zephyr/libzephyr.a(policy_residency.c.obj)
                              (--whole-archive)
zephyr/libzephyr.a(nrf_power_clock.c.obj)
                              (--whole-archive)
zephyr/libzephyr.a(display_st7789v.c.obj)
                              (--whole-archive)
zephyr/libzephyr.a(sys_clock_init.c.obj)
                              (--whole-archive)
zephyr/libzephyr.a(nrf_rtc_timer.c.obj)
                              (--whole-archive)
zephyr/arch/common/libarch__common.a(isr_tables.c.obj)
                              (--whole-archive)
zephyr/arch/common/libarch__common.a(sw_isr_common.c.obj)
                              (--whole-archive)
zephyr/arch/arch/arm/core/aarch32/libarch__arm__core__aarch32.a(exc_exit.S.obj)
                              (--whole-archive)
zephyr/arch/arch/arm/core/aarch32/libarch__arm__core__aarch32.a(swap.c.obj)
                              (--whole-archive)
zephyr/arch/arch/arm/core/aarch32/libarch__arm__core__aarch32.a(swap_helper.S.obj)
                              (--whole-archive)
zephyr/arch/arch/arm/core/aarch32/libarch__arm__core__aarch32.a(irq_manage.c.obj)
                              (--whole-archive)
zephyr/arch/arch/arm/core/aarch32/libarch__arm__core__aarch32.a(thread.c.obj)
                              (--whole-archive)
zephyr/arch/arch/arm/core/aarch32/libarch__arm__core__aarch32.a(cpu_idle.S.obj)
                              (--whole-archive)
zephyr/arch/arch/arm/core/aarch32/libarch__arm__core__aarch32.a(fault_s.S.obj)
                              (--whole-archive)
zephyr/arch/arch/arm/core/aarch32/libarch__arm__core__aarch32.a(fatal.c.obj)
                              (--whole-archive)
zephyr/arch/arch/arm/core/aarch32/libarch__arm__core__aarch32.a(nmi.c.obj)
                              (--whole-archive)
zephyr/arch/arch/arm/core/aarch32/libarch__arm__core__aarch32.a(nmi_on_reset.S.obj)
                              (--whole-archive)
zephyr/arch/arch/arm/core/aarch32/libarch__arm__core__aarch32.a(prep_c.c.obj)
                              (--whole-archive)
zephyr/arch/arch/arm/core/aarch32/libarch__arm__core__aarch32.a(isr_wrapper.S.obj)
                              (--whole-archive)
zephyr/arch/arch/arm/core/aarch32/cortex_m/libarch__arm__core__aarch32__cortex_m.a(vector_table.S.obj)
                              (--whole-archive)
zephyr/arch/arch/arm/core/aarch32/cortex_m/libarch__arm__core__aarch32__cortex_m.a(reset.S.obj)
                              (--whole-archive)
zephyr/arch/arch/arm/core/aarch32/cortex_m/libarch__arm__core__aarch32__cortex_m.a(fault.c.obj)
                              (--whole-archive)
zephyr/arch/arch/arm/core/aarch32/cortex_m/libarch__arm__core__aarch32__cortex_m.a(scb.c.obj)
                              (--whole-archive)
zephyr/arch/arch/arm/core/aarch32/cortex_m/libarch__arm__core__aarch32__cortex_m.a(irq_init.c.obj)
                              (--whole-archive)
zephyr/arch/arch/arm/core/aarch32/cortex_m/libarch__arm__core__aarch32__cortex_m.a(thread_abort.c.obj)
                              (--whole-archive)
zephyr/arch/arch/arm/core/aarch32/cortex_m/mpu/libarch__arm__core__aarch32__cortex_m__mpu.a(arm_core_mpu.c.obj)
                              (--whole-archive)
zephyr/arch/arch/arm/core/aarch32/cortex_m/mpu/libarch__arm__core__aarch32__cortex_m__mpu.a(arm_mpu.c.obj)
                              (--whole-archive)
zephyr/lib/libc/minimal/liblib__libc__minimal.a(atoi.c.obj)
                              (--whole-archive)
[...]
Memory Configuration

Name             Origin             Length             Attributes
FLASH            0x0000000000000000 0x0000000000080000 xr
SRAM             0x0000000020000000 0x0000000000010000 xw
IDT_LIST         0x0000000020010000 0x0000000000000800 xw
*default*        0x0000000000000000 0xffffffffffffffff

Linker script and memory map

LOAD zephyr/CMakeFiles/zephyr_final.dir/misc/empty_file.c.obj
LOAD zephyr/CMakeFiles/zephyr_final.dir/isr_tables.c.obj
                0x0000000000000020                _region_min_align = 0x20

.rel.plt        0x0000000000000000        0x0
 *(SORT_BY_ALIGNMENT(.rel.plt))
                [!provide]                        PROVIDE (__rel_iplt_start = .)
 *(SORT_BY_ALIGNMENT(.rel.iplt))
 .rel.iplt      0x0000000000000000        0x0 zephyr/CMakeFiles/zephyr_final.dir/isr_tables.c.obj
                [!provide]                        PROVIDE (__rel_iplt_end = .)

.rela.plt       0x0000000000000000        0x0
 *(SORT_BY_ALIGNMENT(.rela.plt))
                [!provide]                        PROVIDE (__rela_iplt_start = .)
 *(SORT_BY_ALIGNMENT(.rela.iplt))
                [!provide]                        PROVIDE (__rela_iplt_end = .)

.rel.dyn
 *(SORT_BY_ALIGNMENT(.rel.*))

.rela.dyn
 *(SORT_BY_ALIGNMENT(.rela.*))

/DISCARD/
 *(SORT_BY_ALIGNMENT(.plt))
 *(SORT_BY_ALIGNMENT(.iplt))
 *(SORT_BY_ALIGNMENT(.got.plt))
 *(SORT_BY_ALIGNMENT(.igot.plt))
 *(SORT_BY_ALIGNMENT(.got))
 *(SORT_BY_ALIGNMENT(.igot))
 *(SORT_BY_ALIGNMENT(.irq_info))
 *(SORT_BY_ALIGNMENT(.intList))
 *(SORT_BY_ALIGNMENT(.note.GNU-stack))
                0x0000000000000000                _image_rom_start = 0x0

text            0x0000000000000000       0xdc
                0x0000000000000000                . = 0x0
                0x0000000000000000                . = ALIGN (0x4)
                0x0000000000000000                _vector_start = .
 *(SORT_BY_ALIGNMENT(.exc_vector_table))
 *(SORT_BY_ALIGNMENT(.exc_vector_table.*))
 .exc_vector_table._vector_table_section
                0x0000000000000000       0x40 zephyr/arch/arch/arm/core/aarch32/cortex_m/libarch__arm__core__aarch32__cortex_m.a(vector_table.S.obj)
                0x0000000000000000                _vector_table
 *(SORT_BY_ALIGNMENT(.gnu.linkonce.irq_vector_table))
 .gnu.linkonce.irq_vector_table
                0x0000000000000040       0x9c zephyr/CMakeFiles/zephyr_final.dir/isr_tables.c.obj
                0x0000000000000040                _irq_vector_table
 *(SORT_BY_ALIGNMENT(.vectors))
 *(SORT_BY_ALIGNMENT(.openocd_dbg))
 *(SORT_BY_ALIGNMENT(.openocd_dbg.*))
                0x00000000000000dc                _vector_end = .

_TEXT_SECTION_NAME_2
                0x00000000000000dc     0x3aaa
                0x00000000000000dc                _image_text_start = .
 *(SORT_BY_ALIGNMENT(.text))
 .text          0x00000000000000dc       0x30 /Users/piotrek/Desktop/EMBEDDED/Pine_Time_Project/Arm_Embedded_GNU_Toolchain/gcc-arm-none-eabi-9-2019-q4-major/bin/../lib/gcc/arm-none-eabi/9.2.1/thumb/v7e-m/nofp/libgcc.a(_aeabi_uldivmod.o)
                0x00000000000000dc                __aeabi_uldivmod
 .text          0x000000000000010c      0x2c0 /Users/piotrek/Desktop/EMBEDDED/Pine_Time_Project/Arm_Embedded_GNU_Toolchain/gcc-arm-none-eabi-9-2019-q4-major/bin/../lib/gcc/arm-none-eabi/9.2.1/thumb/v7e-m/nofp/libgcc.a(_udivmoddi4.o)
                0x000000000000010c                __udivmoddi4
 .text          0x00000000000003cc        0x4 /Users/piotrek/Desktop/EMBEDDED/Pine_Time_Project/Arm_Embedded_GNU_Toolchain/gcc-arm-none-eabi-9-2019-q4-major/bin/../lib/gcc/arm-none-eabi/9.2.1/thumb/v7e-m/nofp/libgcc.a(_dvmd_tls.o)
                0x00000000000003cc                __aeabi_ldiv0
                0x00000000000003cc                __aeabi_idiv0
 *(SORT_BY_ALIGNMENT(.text.*))
 .text.main     0x00000000000003d0      0x160 app/libapp.a(main.c.obj)
                0x00000000000003d0                main
 .text.nrf_power_clock_isr
                0x0000000000000530       0x68 zephyr/libzephyr.a(nrf_power_clock.c.obj)
                0x0000000000000530                nrf_power_clock_isr
 .text.st7789v_init
                0x0000000000000598      0x22c zephyr/libzephyr.a(display_st7789v.c.obj)
 .text.rtc1_nrf_isr
                0x00000000000007c4       0x40 zephyr/libzephyr.a(nrf_rtc_timer.c.obj)
                0x00000000000007c4                rtc1_nrf_isr
 .text.z_clock_driver_init
                0x0000000000000804       0x84 zephyr/libzephyr.a(nrf_rtc_timer.c.obj)
                0x0000000000000804                z_clock_driver_init
 .text.z_clock_set_timeout
                0x0000000000000888       0xac zephyr/libzephyr.a(nrf_rtc_timer.c.obj)
                0x0000000000000888                z_clock_set_timeout
 .text.z_clock_elapsed
                0x0000000000000934       0x34 zephyr/libzephyr.a(nrf_rtc_timer.c.obj)
                0x0000000000000934                z_clock_elapsed
 .text._HandlerModeExit
                0x0000000000000968       0x1c zephyr/arch/arch/arm/core/aarch32/libarch__arm__core__aarch32.a(exc_exit.S.obj)
                0x0000000000000968                z_arm_exc_exit
                0x0000000000000968                z_arm_int_exit
 .text.arch_swap
                0x0000000000000984       0x34 zephyr/arch/arch/arm/core/aarch32/libarch__arm__core__aarch32.a(swap.c.obj)
                0x0000000000000984                arch_swap
 .text.z_arm_pendsv
                0x00000000000009b8       0x54 zephyr/arch/arch/arm/core/aarch32/libarch__arm__core__aarch32.a(swap_helper.S.obj)
                0x00000000000009b8                z_arm_pendsv
 .text.z_arm_svc
                0x0000000000000a0c       0x20 zephyr/arch/arch/arm/core/aarch32/libarch__arm__core__aarch32.a(swap_helper.S.obj)
                0x0000000000000a0c                z_arm_svc
 .text.arch_irq_enable
                0x0000000000000a2c       0x20 zephyr/arch/arch/arm/core/aarch32/libarch__arm__core__aarch32.a(irq_manage.c.obj)
                0x0000000000000a2c                arch_irq_enable
 .text.z_arm_irq_priority_set
                0x0000000000000a4c       0x30 zephyr/arch/arch/arm/core/aarch32/libarch__arm__core__aarch32.a(irq_manage.c.obj)
                0x0000000000000a4c                z_arm_irq_priority_set
 .text.arch_new_thread
                0x0000000000000a7c       0x44 zephyr/arch/arch/arm/core/aarch32/libarch__arm__core__aarch32.a(thread.c.obj)
                0x0000000000000a7c                arch_new_thread
 .text.arch_switch_to_main_thread
                0x0000000000000ac0       0x3c zephyr/arch/arch/arm/core/aarch32/libarch__arm__core__aarch32.a(thread.c.obj)
                0x0000000000000ac0                arch_switch_to_main_thread
 .text.z_arm_cpu_idle_init
                0x0000000000000afc        0xc zephyr/arch/arch/arm/core/aarch32/libarch__arm__core__aarch32.a(cpu_idle.S.obj)
                0x0000000000000afc                z_arm_cpu_idle_init
 .text.arch_cpu_idle
                0x0000000000000b08        0xc zephyr/arch/arch/arm/core/aarch32/libarch__arm__core__aarch32.a(cpu_idle.S.obj)
                0x0000000000000b08                arch_cpu_idle
 .text.__fault  0x0000000000000b14       0x14 zephyr/arch/arch/arm/core/aarch32/libarch__arm__core__aarch32.a(fault_s.S.obj)
                0x0000000000000b14                z_arm_bus_fault
                0x0000000000000b14                z_arm_usage_fault
                0x0000000000000b14                z_arm_mpu_fault
                0x0000000000000b14                z_arm_reserved
                0x0000000000000b14                z_arm_debug_monitor
                0x0000000000000b14                z_arm_hard_fault
 .text.z_SysNmiOnReset
                0x0000000000000b28        0x8 zephyr/arch/arch/arm/core/aarch32/libarch__arm__core__aarch32.a(nmi_on_reset.S.obj)
                0x0000000000000b28                z_SysNmiOnReset
 .text.z_arm_prep_c
                0x0000000000000b30       0x2c zephyr/arch/arch/arm/core/aarch32/libarch__arm__core__aarch32.a(prep_c.c.obj)
                0x0000000000000b30                z_arm_prep_c
 .text._isr_wrapper
                0x0000000000000b5c       0x40 zephyr/arch/arch/arm/core/aarch32/libarch__arm__core__aarch32.a(isr_wrapper.S.obj)
                0x0000000000000b5c                _isr_wrapper
 .text._reset_section
                0x0000000000000b9c       0x30 zephyr/arch/arch/arm/core/aarch32/cortex_m/libarch__arm__core__aarch32__cortex_m.a(reset.S.obj)
                0x0000000000000b9c                z_arm_reset
                0x0000000000000b9c                __start
 .text.mem_manage_fault.isra.0
                0x0000000000000bcc       0x38 zephyr/arch/arch/arm/core/aarch32/cortex_m/libarch__arm__core__aarch32__cortex_m.a(fault.c.obj)
 .text.bus_fault.isra.0
                0x0000000000000c04       0x3c zephyr/arch/arch/arm/core/aarch32/cortex_m/libarch__arm__core__aarch32__cortex_m.a(fault.c.obj)
 .text.usage_fault.isra.0
                0x0000000000000c40       0x24 zephyr/arch/arch/arm/core/aarch32/cortex_m/libarch__arm__core__aarch32__cortex_m.a(fault.c.obj)
 .text.z_arm_fault
                0x0000000000000c64       0xe8 zephyr/arch/arch/arm/core/aarch32/cortex_m/libarch__arm__core__aarch32__cortex_m.a(fault.c.obj)
                0x0000000000000c64                z_arm_fault
 .text.z_arm_fault_init
                0x0000000000000d4c       0x10 zephyr/arch/arch/arm/core/aarch32/cortex_m/libarch__arm__core__aarch32__cortex_m.a(fault.c.obj)
                0x0000000000000d4c                z_arm_fault_init
 .text.z_arm_int_lib_init
                0x0000000000000d5c       0x18 zephyr/arch/arch/arm/core/aarch32/cortex_m/libarch__arm__core__aarch32__cortex_m.a(irq_init.c.obj)
                0x0000000000000d5c                z_arm_int_lib_init
 .text.z_impl_k_thread_abort
                0x0000000000000d74       0x4c zephyr/arch/arch/arm/core/aarch32/cortex_m/libarch__arm__core__aarch32__cortex_m.a(thread_abort.c.obj)
                0x0000000000000d74                z_impl_k_thread_abort
 .text.z_arm_configure_static_mpu_regions
                0x0000000000000dc0       0x38 zephyr/arch/arch/arm/core/aarch32/cortex_m/mpu/libarch__arm__core__aarch32__cortex_m__mpu.a(arm_core_mpu.c.obj)
                0x0000000000000dc0                z_arm_configure_static_mpu_regions
 .text.mpu_configure_regions
                0x0000000000000df8       0x8c zephyr/arch/arch/arm/core/aarch32/cortex_m/mpu/libarch__arm__core__aarch32__cortex_m__mpu.a(arm_mpu.c.obj)
 .text.arm_core_mpu_enable
                0x0000000000000e84       0x14 zephyr/arch/arch/arm/core/aarch32/cortex_m/mpu/libarch__arm__core__aarch32__cortex_m__mpu.a(arm_mpu.c.obj)
                0x0000000000000e84                arm_core_mpu_enable
 .text.arm_core_mpu_disable
                0x0000000000000e98       0x10 zephyr/arch/arch/arm/core/aarch32/cortex_m/mpu/libarch__arm__core__aarch32__cortex_m__mpu.a(arm_mpu.c.obj)
                0x0000000000000e98                arm_core_mpu_disable
 .text.arm_mpu_init
                0x0000000000000ea8       0x5c zephyr/arch/arch/arm/core/aarch32/cortex_m/mpu/libarch__arm__core__aarch32__cortex_m__mpu.a(arm_mpu.c.obj)
 .text.arm_core_mpu_configure_static_mpu_regions
                0x0000000000000f04       0x14 zephyr/arch/arch/arm/core/aarch32/cortex_m/mpu/libarch__arm__core__aarch32__cortex_m__mpu.a(arm_mpu.c.obj)
                0x0000000000000f04                arm_core_mpu_configure_static_mpu_regions
 .text.arm_core_mpu_configure_dynamic_mpu_regions
                0x0000000000000f18       0x2c zephyr/arch/arch/arm/core/aarch32/cortex_m/mpu/libarch__arm__core__aarch32__cortex_m__mpu.a(arm_mpu.c.obj)
                0x0000000000000f18                arm_core_mpu_configure_dynamic_mpu_regions
 .text.nordicsemi_nrf52_init
                0x0000000000000f44       0x30 zephyr/soc/arm/nordic_nrf/nrf52/libsoc__arm__nordic_nrf__nrf52.a(soc.c.obj)
 .text.sys_arch_reboot
                0x0000000000000f74       0x2c zephyr/soc/arm/nordic_nrf/nrf52/libsoc__arm__nordic_nrf__nrf52.a(soc.c.obj)
                0x0000000000000f74                sys_arch_reboot
 .text.arch_busy_wait
                0x0000000000000fa0       0x14 zephyr/soc/arm/nordic_nrf/nrf52/libsoc__arm__nordic_nrf__nrf52.a(soc.c.obj)
                0x0000000000000fa0                arch_busy_wait
 .text.gpio_nrfx_init
                0x0000000000000fb4       0x30 zephyr/drivers/gpio/libdrivers__gpio.a(gpio_nrfx.c.obj)
 .text.gpiote_pin_int_cfg
                0x0000000000000fe4      0x15c zephyr/drivers/gpio/libdrivers__gpio.a(gpio_nrfx.c.obj)
 .text.gpiote_event_handler
                0x0000000000001140      0x168 zephyr/drivers/gpio/libdrivers__gpio.a(gpio_nrfx.c.obj)
 .text.twi_1_init
                0x00000000000012a8       0x34 zephyr/drivers/i2c/libdrivers__i2c.a(i2c_nrfx_twi.c.obj)
 .text.i2c_nrfx_twi_transfer
                0x00000000000012dc       0xd4 zephyr/drivers/i2c/libdrivers__i2c.a(i2c_nrfx_twi.c.obj)
 .text.event_handler
                0x00000000000013b0       0x38 zephyr/drivers/i2c/libdrivers__i2c.a(i2c_nrfx_twi.c.obj)
 .text.spi_0_init
                0x00000000000013e8       0x3c zephyr/drivers/spi/libdrivers__spi.a(spi_nrfx_spi.c.obj)
 .text.transfer_next_chunk
                0x0000000000001424       0x80 zephyr/drivers/spi/libdrivers__spi.a(spi_nrfx_spi.c.obj)
 .text.spi_nrfx_transceive
                0x00000000000014a4      0x1a0 zephyr/drivers/spi/libdrivers__spi.a(spi_nrfx_spi.c.obj)
 .text.errata_12
                0x0000000000001644       0x1c modules/nordic/lib..__modules__hal__nordic.a(system_nrf52.c.obj)
 .text.errata_16
                0x0000000000001660       0x2c modules/nordic/lib..__modules__hal__nordic.a(system_nrf52.c.obj)
 .text.SystemInit
                0x000000000000168c      0x254 modules/nordic/lib..__modules__hal__nordic.a(system_nrf52.c.obj)
                0x000000000000168c                SystemInit
 .text.nrfx_spi_init
                0x00000000000018e0      0x14c modules/nordic/lib..__modules__hal__nordic.a(nrfx_spi.c.obj)
                0x00000000000018e0                nrfx_spi_init
 .text.nrfx_spi_xfer
                0x0000000000001a2c      0x11c modules/nordic/lib..__modules__hal__nordic.a(nrfx_spi.c.obj)
                0x0000000000001a2c                nrfx_spi_xfer
 .text.nrfx_spi_0_irq_handler
                0x0000000000001b48       0x54 modules/nordic/lib..__modules__hal__nordic.a(nrfx_spi.c.obj)
                0x0000000000001b48                nrfx_spi_0_irq_handler
 .text.twi_rx_start_transfer
                0x0000000000001b9c       0xe4 modules/nordic/lib..__modules__hal__nordic.a(nrfx_twi.c.obj)
 .text.twi_tx_start_transfer
                0x0000000000001c80       0xd8 modules/nordic/lib..__modules__hal__nordic.a(nrfx_twi.c.obj)
 .text.nrfx_twi_init
                0x0000000000001d58       0x88 modules/nordic/lib..__modules__hal__nordic.a(nrfx_twi.c.obj)
                0x0000000000001d58                nrfx_twi_init
 .text.nrfx_twi_enable
                0x0000000000001de0       0x20 modules/nordic/lib..__modules__hal__nordic.a(nrfx_twi.c.obj)
                0x0000000000001de0                nrfx_twi_enable
 .text.nrfx_twi_disable
                0x0000000000001e00       0x34 modules/nordic/lib..__modules__hal__nordic.a(nrfx_twi.c.obj)
                0x0000000000001e00                nrfx_twi_disable
 .text.nrfx_twi_xfer
                0x0000000000001e34       0xe0 modules/nordic/lib..__modules__hal__nordic.a(nrfx_twi.c.obj)
                0x0000000000001e34                nrfx_twi_xfer
 .text.nrfx_twi_1_irq_handler
                0x0000000000001f14       0xb0 modules/nordic/lib..__modules__hal__nordic.a(nrfx_twi.c.obj)
                0x0000000000001f14                nrfx_twi_1_irq_handler
 .text.z_sys_device_do_config_level
                0x0000000000001fc4       0x2c zephyr/kernel/libkernel.a(device.c.obj)
                0x0000000000001fc4                z_sys_device_do_config_level
 .text.z_impl_device_get_binding
                0x0000000000001ff0       0x4c zephyr/kernel/libkernel.a(device.c.obj)
                0x0000000000001ff0                z_impl_device_get_binding
 .text.idle     0x000000000000203c       0x34 zephyr/kernel/libkernel.a(idle.c.obj)
                0x000000000000203c                idle
 .text.z_bss_zero
                0x0000000000002070       0x14 zephyr/kernel/libkernel.a(init.c.obj)
                0x0000000000002070                z_bss_zero
 .text.z_data_copy
                0x0000000000002084       0x34 zephyr/kernel/libkernel.a(init.c.obj)
                0x0000000000002084                z_data_copy
 .text.bg_thread_main
                0x00000000000020b8       0x30 zephyr/kernel/libkernel.a(init.c.obj)
 .text.z_cstart
                0x00000000000020e8      0x10c zephyr/kernel/libkernel.a(init.c.obj)
                0x00000000000020e8                z_cstart
 .text.init_static_pools
                0x00000000000021f4       0x28 zephyr/kernel/libkernel.a(mempool.c.obj)
                0x00000000000021f4                init_static_pools
 .text.k_mem_pool_alloc
                0x000000000000221c       0x94 zephyr/kernel/libkernel.a(mempool.c.obj)
                0x000000000000221c                k_mem_pool_alloc
 .text.k_malloc
                0x00000000000022b0        0xc zephyr/kernel/libkernel.a(mempool.c.obj)
                0x00000000000022b0                k_malloc
 .text.z_reset_time_slice
                0x00000000000022bc       0x2c zephyr/kernel/libkernel.a(sched.c.obj)
                0x00000000000022bc                z_reset_time_slice
 .text.k_sched_time_slice_set
                0x00000000000022e8       0x58 zephyr/kernel/libkernel.a(sched.c.obj)
                0x00000000000022e8                k_sched_time_slice_set
 .text.k_sched_lock
                0x0000000000002340       0x28 zephyr/kernel/libkernel.a(sched.c.obj)
                0x0000000000002340                k_sched_lock
 .text.z_priq_dumb_remove
                0x0000000000002368       0x2c zephyr/kernel/libkernel.a(sched.c.obj)
                0x0000000000002368                z_priq_dumb_remove
 .text.update_cache
                0x0000000000002394       0x3c zephyr/kernel/libkernel.a(sched.c.obj)
 .text.k_sched_unlock
                0x00000000000023d0       0x38 zephyr/kernel/libkernel.a(sched.c.obj)
                0x00000000000023d0                k_sched_unlock
 .text.z_add_thread_to_ready_q
                0x0000000000002408       0x70 zephyr/kernel/libkernel.a(sched.c.obj)
                0x0000000000002408                z_add_thread_to_ready_q
 .text.z_move_thread_to_end_of_prio_q
                0x0000000000002478       0x88 zephyr/kernel/libkernel.a(sched.c.obj)
                0x0000000000002478                z_move_thread_to_end_of_prio_q
 .text.z_time_slice
                0x0000000000002500       0x6c zephyr/kernel/libkernel.a(sched.c.obj)
                0x0000000000002500                z_time_slice
 .text.z_thread_single_suspend
                0x000000000000256c       0x68 zephyr/kernel/libkernel.a(sched.c.obj)
                0x000000000000256c                z_thread_single_suspend
 .text.z_thread_single_abort
                0x00000000000025d4       0x84 zephyr/kernel/libkernel.a(sched.c.obj)
                0x00000000000025d4                z_thread_single_abort
 .text.z_remove_thread_from_ready_q
                0x0000000000002658       0x48 zephyr/kernel/libkernel.a(sched.c.obj)
                0x0000000000002658                z_remove_thread_from_ready_q
 .text.pend     0x00000000000026a0       0x8c zephyr/kernel/libkernel.a(sched.c.obj)
 .text.z_pend_curr_irqlock
                0x000000000000272c       0x48 zephyr/kernel/libkernel.a(sched.c.obj)
                0x000000000000272c                z_pend_curr_irqlock
 .text.z_pend_curr
                0x0000000000002774       0x28 zephyr/kernel/libkernel.a(sched.c.obj)
                0x0000000000002774                z_pend_curr
 .text.z_tick_sleep.part.0
                0x000000000000279c       0x5c zephyr/kernel/libkernel.a(sched.c.obj)
 .text.z_sched_init
                0x00000000000027f8       0x18 zephyr/kernel/libkernel.a(sched.c.obj)
                0x00000000000027f8                z_sched_init
 .text.z_impl_k_yield
                0x0000000000002810       0x9c zephyr/kernel/libkernel.a(sched.c.obj)
                0x0000000000002810                z_impl_k_yield
 .text.z_impl_k_sleep
                0x00000000000028ac       0x50 zephyr/kernel/libkernel.a(sched.c.obj)
                0x00000000000028ac                z_impl_k_sleep
 .text.z_impl_k_current_get
                0x00000000000028fc        0xc zephyr/kernel/libkernel.a(sched.c.obj)
                0x00000000000028fc                z_impl_k_current_get
 .text.z_impl_k_sem_give
                0x0000000000002908       0x4c zephyr/kernel/libkernel.a(sem.c.obj)
                0x0000000000002908                z_impl_k_sem_give
 .text.z_impl_k_sem_take
                0x0000000000002954       0x44 zephyr/kernel/libkernel.a(sem.c.obj)
                0x0000000000002954                z_impl_k_sem_take
 .text.z_impl_k_thread_start
                0x0000000000002998       0x48 zephyr/kernel/libkernel.a(thread.c.obj)
                0x0000000000002998                z_impl_k_thread_start
 .text.z_setup_new_thread
                0x00000000000029e0       0x30 zephyr/kernel/libkernel.a(thread.c.obj)
                0x00000000000029e0                z_setup_new_thread
 .text.z_impl_k_thread_suspend
                0x0000000000002a10       0x40 zephyr/kernel/libkernel.a(thread.c.obj)
                0x0000000000002a10                z_impl_k_thread_suspend
 .text.z_init_static_threads
                0x0000000000002a50       0xb4 zephyr/kernel/libkernel.a(thread.c.obj)
                0x0000000000002a50                z_init_static_threads
 .text.elapsed  0x0000000000002b04       0x14 zephyr/kernel/libkernel.a(timeout.c.obj)
 .text.remove_timeout
                0x0000000000002b18       0x28 zephyr/kernel/libkernel.a(timeout.c.obj)
 .text.next_timeout
                0x0000000000002b40       0x38 zephyr/kernel/libkernel.a(timeout.c.obj)
 .text.z_add_timeout
                0x0000000000002b78       0x84 zephyr/kernel/libkernel.a(timeout.c.obj)
                0x0000000000002b78                z_add_timeout
 .text.z_clock_announce
                0x0000000000002bfc       0xa8 zephyr/kernel/libkernel.a(timeout.c.obj)
                0x0000000000002bfc                z_clock_announce
 .text.z_tick_get
                0x0000000000002ca4       0x34 zephyr/kernel/libkernel.a(timeout.c.obj)
                0x0000000000002ca4                z_tick_get
 .text.display_write
                0x0000000000002cd8        0xc app/libapp.a(main.c.obj)
 .text.get_bit_ptr
                0x0000000000002ce4       0x30 zephyr/libzephyr.a(mempool.c.obj)
 .text.pool_irq_lock.isra.0.part.0
                0x0000000000002d14       0x12 zephyr/libzephyr.a(mempool.c.obj)
 .text.pool_irq_unlock.isra.0
                0x0000000000002d26        0xe zephyr/libzephyr.a(mempool.c.obj)
 .text.z_sys_mem_pool_base_init
                0x0000000000002d34       0x8c zephyr/libzephyr.a(mempool.c.obj)
                0x0000000000002d34                z_sys_mem_pool_base_init
 .text.z_sys_mem_pool_block_alloc
                0x0000000000002dc0      0x170 zephyr/libzephyr.a(mempool.c.obj)
                0x0000000000002dc0                z_sys_mem_pool_block_alloc
 .text.z_thread_entry
                0x0000000000002f30       0x14 zephyr/libzephyr.a(thread_entry.c.obj)
                0x0000000000002f30                z_thread_entry
 .text._ConfigAbsSyms
                0x0000000000002f44        0x2 zephyr/libzephyr.a(configs.c.obj)
                0x0000000000002f44                _ConfigAbsSyms
 .text.get_status
                0x0000000000002f46       0x1c zephyr/libzephyr.a(nrf_power_clock.c.obj)
 .text.clkstarted_handle
                0x0000000000002f62       0x46 zephyr/libzephyr.a(nrf_power_clock.c.obj)
 .text.clock_async_start
                0x0000000000002fa8       0xe0 zephyr/libzephyr.a(nrf_power_clock.c.obj)
 .text.clock_start
                0x0000000000003088        0x6 zephyr/libzephyr.a(nrf_power_clock.c.obj)
 .text.clk_init
                0x000000000000308e       0x34 zephyr/libzephyr.a(nrf_power_clock.c.obj)
 .text.clock_stop
                0x00000000000030c2       0x7e zephyr/libzephyr.a(nrf_power_clock.c.obj)
 .text.st7789v_read
                0x0000000000003140        0x6 zephyr/libzephyr.a(display_st7789v.c.obj)
 .text.st7789v_get_framebuffer
                0x0000000000003146        0x4 zephyr/libzephyr.a(display_st7789v.c.obj)
 .text.st7789v_set_brightness
                0x000000000000314a        0x6 zephyr/libzephyr.a(display_st7789v.c.obj)
 .text.st7789v_set_pixel_format
                0x0000000000003150        0xc zephyr/libzephyr.a(display_st7789v.c.obj)
 .text.st7789v_set_orientation
                0x000000000000315c        0xc zephyr/libzephyr.a(display_st7789v.c.obj)
 .text.k_sleep  0x0000000000003168        0x4 zephyr/libzephyr.a(display_st7789v.c.obj)
 .text.st7789v_get_capabilities
                0x000000000000316c       0x20 zephyr/libzephyr.a(display_st7789v.c.obj)
 .text.gpio_pin_write
                0x000000000000318c       0x12 zephyr/libzephyr.a(display_st7789v.c.obj)
 .text.st7789v_set_contrast
                0x000000000000319e        0x6 zephyr/libzephyr.a(display_st7789v.c.obj)
 .text.st7789v_transmit
                0x00000000000031a4       0x62 zephyr/libzephyr.a(display_st7789v.c.obj)
 .text.st7789v_blanking_on
                0x0000000000003206       0x12 zephyr/libzephyr.a(display_st7789v.c.obj)
 .text.st7789v_blanking_off
                0x0000000000003218       0x12 zephyr/libzephyr.a(display_st7789v.c.obj)
 .text.st7789v_write
                0x000000000000322a       0xca zephyr/libzephyr.a(display_st7789v.c.obj)
 .text.z_clock_isr
                0x00000000000032f4        0x2 zephyr/libzephyr.a(sys_clock_init.c.obj)
                0x00000000000032f4                z_clock_isr
 .text.z_clock_idle_exit
                0x00000000000032f6        0x2 zephyr/libzephyr.a(sys_clock_init.c.obj)
                0x00000000000032f6                z_clock_idle_exit
 .text.z_irq_spurious
                0x00000000000032f8        0x4 zephyr/arch/arch/arm/core/aarch32/libarch__arm__core__aarch32.a(irq_manage.c.obj)
                0x00000000000032f8                z_irq_spurious
 .text.z_arm_fatal_error
                0x00000000000032fc        0x4 zephyr/arch/arch/arm/core/aarch32/libarch__arm__core__aarch32.a(fatal.c.obj)
                0x00000000000032fc                z_arm_fatal_error
 .text.z_do_kernel_oops
                0x0000000000003300        0x8 zephyr/arch/arch/arm/core/aarch32/libarch__arm__core__aarch32.a(fatal.c.obj)
                0x0000000000003300                z_do_kernel_oops
 .text.z_arm_nmi
                0x0000000000003308        0xe zephyr/arch/arch/arm/core/aarch32/libarch__arm__core__aarch32.a(nmi.c.obj)
                0x0000000000003308                z_arm_nmi
 .text.z_arm_configure_dynamic_mpu_regions
                0x0000000000003316       0x10 zephyr/arch/arch/arm/core/aarch32/cortex_m/mpu/libarch__arm__core__aarch32__cortex_m__mpu.a(arm_core_mpu.c.obj)
                0x0000000000003316                z_arm_configure_dynamic_mpu_regions
 .text.strcmp   0x0000000000003326       0x18 zephyr/lib/libc/minimal/liblib__libc__minimal.a(string.c.obj)
                0x0000000000003326                strcmp
 .text.memcpy   0x000000000000333e       0x56 zephyr/lib/libc/minimal/liblib__libc__minimal.a(string.c.obj)
                0x000000000000333e                memcpy
 .text.memset   0x0000000000003394       0x46 zephyr/lib/libc/minimal/liblib__libc__minimal.a(string.c.obj)
                0x0000000000003394                memset
 .text.z_platform_init
                0x00000000000033da        0x4 zephyr/soc/arm/nordic_nrf/nrf52/libsoc__arm__nordic_nrf__nrf52.a(soc.c.obj)
                0x00000000000033da                z_platform_init
 .text.gpio_nrfx_write
                0x00000000000033de       0x3c zephyr/drivers/gpio/libdrivers__gpio.a(gpio_nrfx.c.obj)
 .text.gpio_nrfx_read
                0x000000000000341a       0x32 zephyr/drivers/gpio/libdrivers__gpio.a(gpio_nrfx.c.obj)
 .text.gpio_nrfx_manage_callback
                0x000000000000344c       0x56 zephyr/drivers/gpio/libdrivers__gpio.a(gpio_nrfx.c.obj)
 .text.gpio_nrfx_config
                0x00000000000034a2      0x122 zephyr/drivers/gpio/libdrivers__gpio.a(gpio_nrfx.c.obj)
 .text.gpio_nrfx_pin_disable_callback
                0x00000000000035c4       0x42 zephyr/drivers/gpio/libdrivers__gpio.a(gpio_nrfx.c.obj)
 .text.gpio_nrfx_pin_enable_callback
                0x0000000000003606       0x40 zephyr/drivers/gpio/libdrivers__gpio.a(gpio_nrfx.c.obj)
 .text.i2c_nrfx_twi_configure
                0x0000000000003646       0x34 zephyr/drivers/i2c/libdrivers__i2c.a(i2c_nrfx_twi.c.obj)
 .text.gpio_pin_write
                0x000000000000367a       0x12 zephyr/drivers/spi/libdrivers__spi.a(spi_nrfx_spi.c.obj)
 .text._spi_context_cs_control.isra.0
                0x000000000000368c       0x54 zephyr/drivers/spi/libdrivers__spi.a(spi_nrfx_spi.c.obj)
 .text.spi_context_unlock_unconditionally
                0x00000000000036e0       0x1c zephyr/drivers/spi/libdrivers__spi.a(spi_nrfx_spi.c.obj)
 .text.spi_nrfx_release
                0x00000000000036fc       0x24 zephyr/drivers/spi/libdrivers__spi.a(spi_nrfx_spi.c.obj)
 .text.event_handler
                0x0000000000003720       0x80 zephyr/drivers/spi/libdrivers__spi.a(spi_nrfx_spi.c.obj)
 .text.k_sys_fatal_error_handler
                0x00000000000037a0        0x8 modules/nrf/lib/fatal_error/lib..__nrf__lib__fatal_error.a(fatal_error.c.obj)
                0x00000000000037a0                k_sys_fatal_error_handler
 .text.nrfx_isr
                0x00000000000037a8        0x2 modules/nordic/lib..__modules__hal__nordic.a(nrfx_glue.c.obj)
                0x00000000000037a8                nrfx_isr
 .text.transfer_byte
                0x00000000000037aa       0x68 modules/nordic/lib..__modules__hal__nordic.a(nrfx_spi.c.obj)
 .text.nrf_twi_event_clear
                0x0000000000003812       0x10 modules/nordic/lib..__modules__hal__nordic.a(nrfx_twi.c.obj)
 .text.twi_send_byte
                0x0000000000003822       0x40 modules/nordic/lib..__modules__hal__nordic.a(nrfx_twi.c.obj)
 .text.twi_transfer
                0x0000000000003862       0xf0 modules/nordic/lib..__modules__hal__nordic.a(nrfx_twi.c.obj)
 .text.z_fatal_error
                0x0000000000003952       0x1e zephyr/kernel/libkernel.a(fatal.c.obj)
                0x0000000000003952                z_fatal_error
 .text.z_sys_power_save_idle_exit
                0x0000000000003970        0x4 zephyr/kernel/libkernel.a(idle.c.obj)
                0x0000000000003970                z_sys_power_save_idle_exit
 .text.k_mem_pool_malloc
                0x0000000000003974       0x28 zephyr/kernel/libkernel.a(mempool.c.obj)
                0x0000000000003974                k_mem_pool_malloc
 .text.z_is_thread_ready
                0x000000000000399c       0x12 zephyr/kernel/libkernel.a(sched.c.obj)
 .text.z_reschedule
                0x00000000000039ae       0x16 zephyr/kernel/libkernel.a(sched.c.obj)
                0x00000000000039ae                z_reschedule
 .text.z_reschedule_irqlock
                0x00000000000039c4       0x18 zephyr/kernel/libkernel.a(sched.c.obj)
                0x00000000000039c4                z_reschedule_irqlock
 .text.z_reschedule_unlocked
                0x00000000000039dc       0x14 zephyr/kernel/libkernel.a(sched.c.obj)
 .text.z_priq_dumb_best
                0x00000000000039f0       0x14 zephyr/kernel/libkernel.a(sched.c.obj)
                0x00000000000039f0                z_priq_dumb_best
 .text.z_thread_timeout
                0x0000000000003a04       0x60 zephyr/kernel/libkernel.a(sched.c.obj)
                0x0000000000003a04                z_thread_timeout
 .text.z_unpend_first_thread
                0x0000000000003a64       0x5a zephyr/kernel/libkernel.a(sched.c.obj)
                0x0000000000003a64                z_unpend_first_thread
 .text.z_impl_k_busy_wait
                0x0000000000003abe        0x4 zephyr/kernel/libkernel.a(thread.c.obj)
                0x0000000000003abe                z_impl_k_busy_wait
 .text.z_new_thread_init
                0x0000000000003ac2       0x1e zephyr/kernel/libkernel.a(thread.c.obj)
                0x0000000000003ac2                z_new_thread_init
 .text.z_abort_timeout
                0x0000000000003ae0       0x2c zephyr/kernel/libkernel.a(timeout.c.obj)
                0x0000000000003ae0                z_abort_timeout
 .text.z_get_next_timeout_expiry
                0x0000000000003b0c       0x20 zephyr/kernel/libkernel.a(timeout.c.obj)
                0x0000000000003b0c                z_get_next_timeout_expiry
 .text.z_set_timeout_expiry
                0x0000000000003b2c       0x34 zephyr/kernel/libkernel.a(timeout.c.obj)
                0x0000000000003b2c                z_set_timeout_expiry
 .text.z_tick_get_32
                0x0000000000003b60        0x8 zephyr/kernel/libkernel.a(timeout.c.obj)
                0x0000000000003b60                z_tick_get_32
 .text.z_impl_k_uptime_get
                0x0000000000003b68       0x1c zephyr/kernel/libkernel.a(timeout.c.obj)
                0x0000000000003b68                z_impl_k_uptime_get
 .text._OffsetAbsSyms
                0x0000000000003b84        0x2 zephyr/CMakeFiles/offsets.dir/arch/arm/core/offsets/offsets.c.obj
                0x0000000000003b84                _OffsetAbsSyms
 *(SORT_BY_ALIGNMENT(.gnu.linkonce.t.*))
 *(SORT_BY_ALIGNMENT(.glue_7t))
 .glue_7t       0x0000000000003b86        0x0 linker stubs
 *(SORT_BY_ALIGNMENT(.glue_7))
 .glue_7        0x0000000000003b86        0x0 linker stubs
 *(SORT_BY_ALIGNMENT(.vfp11_veneer))
 .vfp11_veneer  0x0000000000003b86        0x0 linker stubs
 *(SORT_BY_ALIGNMENT(.v4_bx))
 .v4_bx         0x0000000000003b86        0x0 linker stubs
                0x0000000000003b86                _image_text_end = .

.ARM.exidx      0x0000000000003b88        0x8
                0x0000000000003b88                __exidx_start = .
 *(SORT_BY_ALIGNMENT(.ARM.exidx*) SORT_BY_ALIGNMENT(gnu.linkonce.armexidx.*))
 .ARM.exidx     0x0000000000003b88        0x8 /Users/piotrek/Desktop/EMBEDDED/Pine_Time_Project/Arm_Embedded_GNU_Toolchain/gcc-arm-none-eabi-9-2019-q4-major/bin/../lib/gcc/arm-none-eabi/9.2.1/thumb/v7e-m/nofp/libgcc.a(_udivmoddi4.o)
                0x0000000000003b90                __exidx_end = .
                0x0000000000003b90                _image_rodata_start = .

sw_isr_table    0x0000000000003b90      0x138
                0x0000000000003b90                . = ALIGN (0x0)
 *(SORT_BY_ALIGNMENT(.gnu.linkonce.sw_isr_table))
 .gnu.linkonce.sw_isr_table
                0x0000000000003b90      0x138 zephyr/CMakeFiles/zephyr_final.dir/isr_tables.c.obj
                0x0000000000003b90                _sw_isr_table

app_shmem_regions
                0x0000000000003cc8        0x0
                0x0000000000003cc8                __app_shmem_regions_start = .
 *(SORT_BY_NAME(SORT_BY_ALIGNMENT(.app_regions.*)))
                0x0000000000003cc8                __app_shmem_regions_end = .

devconfig       0x0000000000003cc8       0x6c
                0x0000000000003cc8                __devconfig_start = .
 *(SORT_BY_ALIGNMENT(.devconfig.*))
 .devconfig.init
                0x0000000000003cc8        0xc zephyr/libzephyr.a(nrf_power_clock.c.obj)
 .devconfig.init
                0x0000000000003cd4        0xc zephyr/libzephyr.a(display_st7789v.c.obj)
 .devconfig.init
                0x0000000000003ce0        0xc zephyr/libzephyr.a(sys_clock_init.c.obj)
 .devconfig.init
                0x0000000000003cec        0xc zephyr/arch/arch/arm/core/aarch32/cortex_m/mpu/libarch__arm__core__aarch32__cortex_m__mpu.a(arm_mpu.c.obj)
 .devconfig.init
                0x0000000000003cf8        0xc zephyr/soc/arm/nordic_nrf/nrf52/libsoc__arm__nordic_nrf__nrf52.a(soc.c.obj)
 .devconfig.init
                0x0000000000003d04        0xc zephyr/drivers/gpio/libdrivers__gpio.a(gpio_nrfx.c.obj)
 .devconfig.init
                0x0000000000003d10        0xc zephyr/drivers/i2c/libdrivers__i2c.a(i2c_nrfx_twi.c.obj)
 .devconfig.init
                0x0000000000003d1c        0xc zephyr/drivers/spi/libdrivers__spi.a(spi_nrfx_spi.c.obj)
 .devconfig.init
                0x0000000000003d28        0xc zephyr/kernel/libkernel.a(mempool.c.obj)
 *(SORT_BY_NAME(SORT_BY_ALIGNMENT(.devconfig*)))
                0x0000000000003d34                __devconfig_end = .

net_l2          0x0000000000003d34        0x0
                0x0000000000003d34                __net_l2_start = .
 *(SORT_BY_ALIGNMENT(.net_l2.init))
 *(SORT_BY_NAME(SORT_BY_ALIGNMENT(.net_l2.init*)))
                0x0000000000003d34                __net_l2_end = .

_bt_channels_area
                0x0000000000003d34        0x0
                0x0000000000003d34                _bt_l2cap_fixed_chan_list_start = .
 *(SORT_BY_NAME(SORT_BY_ALIGNMENT(._bt_l2cap_fixed_chan.static.*)))
                0x0000000000003d34                _bt_l2cap_fixed_chan_list_end = .

_bt_services_area
                0x0000000000003d34        0x0
                0x0000000000003d34                _bt_gatt_service_static_list_start = .
 *(SORT_BY_NAME(SORT_BY_ALIGNMENT(._bt_gatt_service_static.static.*)))
                0x0000000000003d34                _bt_gatt_service_static_list_end = .

log_const_sections
                0x0000000000003d34        0x0
                0x0000000000003d34                __log_const_start = .
 *(SORT_BY_NAME(SORT_BY_ALIGNMENT(.log_const_*)))
                0x0000000000003d34                __log_const_end = .

log_backends_sections
                0x0000000000003d34        0x0
                0x0000000000003d34                __log_backends_start = .
 *(SORT_BY_ALIGNMENT(._log_backend.*))
                0x0000000000003d34                __log_backends_end = .

shell_root_cmds_sections
                0x0000000000003d34        0x0
                0x0000000000003d34                __shell_root_cmds_start = .
 *(SORT_BY_NAME(SORT_BY_ALIGNMENT(.shell_root_cmd_*)))
                0x0000000000003d34                __shell_root_cmds_end = .

font_entry_sections
                0x0000000000003d34        0x0
                0x0000000000003d34                __font_entry_start = .
 *(SORT_BY_NAME(SORT_BY_ALIGNMENT(._cfb_font.*)))
                0x0000000000003d34                __font_entry_end = .

rodata          0x0000000000003d40      0x14c
 *(SORT_BY_ALIGNMENT(.rodata))
 *(SORT_BY_ALIGNMENT(.rodata.*))
 .rodata.delay_machine_code.8661
                0x0000000000003d40        0x6 zephyr/soc/arm/nordic_nrf/nrf52/libsoc__arm__nordic_nrf__nrf52.a(soc.c.obj)
 *fill*         0x0000000000003d46        0x2 
 .rodata.clock_control_api
                0x0000000000003d48       0x14 zephyr/libzephyr.a(nrf_power_clock.c.obj)
 .rodata.config
                0x0000000000003d5c       0x18 zephyr/libzephyr.a(nrf_power_clock.c.obj)
 .rodata.st7789v_api
                0x0000000000003d74       0x28 zephyr/libzephyr.a(display_st7789v.c.obj)
 .rodata.mpu_config
                0x0000000000003d9c        0x8 zephyr/soc/arm/common/cortex_m/libsoc__arm__common__cortex_m.a(arm_mpu_regions.c.obj)
                0x0000000000003d9c                mpu_config
 .rodata.mpu_regions
                0x0000000000003da4       0x18 zephyr/soc/arm/common/cortex_m/libsoc__arm__common__cortex_m.a(arm_mpu_regions.c.obj)
 .rodata.gpio_nrfx_drv_api_funcs
                0x0000000000003dbc       0x1c zephyr/drivers/gpio/libdrivers__gpio.a(gpio_nrfx.c.obj)
 .rodata.gpio_nrfx_p0_cfg
                0x0000000000003dd8        0x8 zephyr/drivers/gpio/libdrivers__gpio.a(gpio_nrfx.c.obj)
 .rodata.i2c_nrfx_twi_driver_api
                0x0000000000003de0       0x10 zephyr/drivers/i2c/libdrivers__i2c.a(i2c_nrfx_twi.c.obj)
 .rodata.twi_1z_config
                0x0000000000003df0       0x18 zephyr/drivers/i2c/libdrivers__i2c.a(i2c_nrfx_twi.c.obj)
 .rodata.spi_0z_config
                0x0000000000003e08       0x18 zephyr/drivers/spi/libdrivers__spi.a(spi_nrfx_spi.c.obj)
 .rodata.spi_nrfx_driver_api
                0x0000000000003e20        0x8 zephyr/drivers/spi/libdrivers__spi.a(spi_nrfx_spi.c.obj)
 .rodata.config_levels.8402
                0x0000000000003e28       0x14 zephyr/kernel/libkernel.a(device.c.obj)
 .rodata._k_neg_eagain
                0x0000000000003e3c        0x4 zephyr/kernel/libkernel.a(errno.c.obj)
                0x0000000000003e3c                _k_neg_eagain
 .rodata.main.str1.1
                0x0000000000003e40        0xf app/libapp.a(main.c.obj)
 .rodata.str1.1
                0x0000000000003e4f        0x6 zephyr/libzephyr.a(nrf_power_clock.c.obj)
 .rodata.st7789v_init.str1.1
                0x0000000000003e55        0x6 zephyr/libzephyr.a(display_st7789v.c.obj)
                                          0xd (size before relaxing)
 .rodata.str1.1
                0x0000000000003e5b        0x8 zephyr/libzephyr.a(display_st7789v.c.obj)
 .rodata.str1.1
                0x0000000000003e5b        0xa zephyr/libzephyr.a(sys_clock_init.c.obj)
 .rodata.z_clock_driver_init.str1.1
                0x0000000000003e65        0x6 zephyr/libzephyr.a(nrf_rtc_timer.c.obj)
 .rodata.str1.1
                0x0000000000003e65        0xa zephyr/arch/arch/arm/core/aarch32/cortex_m/mpu/libarch__arm__core__aarch32__cortex_m__mpu.a(arm_mpu.c.obj)
                                          0x1 (size before relaxing)
 .rodata.str1.1
                0x0000000000003e65        0xf zephyr/soc/arm/common/cortex_m/libsoc__arm__common__cortex_m.a(arm_mpu_regions.c.obj)
 .rodata.str1.1
                0x0000000000003e74        0x1 zephyr/soc/arm/nordic_nrf/nrf52/libsoc__arm__nordic_nrf__nrf52.a(soc.c.obj)
 .rodata.str1.1
                0x0000000000003e74        0x7 zephyr/drivers/gpio/libdrivers__gpio.a(gpio_nrfx.c.obj)
 .rodata.str1.1
                0x0000000000003e74        0x6 zephyr/drivers/i2c/libdrivers__i2c.a(i2c_nrfx_twi.c.obj)
 .rodata.str1.1
                0x0000000000003e7a        0x6 zephyr/drivers/spi/libdrivers__spi.a(spi_nrfx_spi.c.obj)
 .rodata.CSWTCH.14
                0x0000000000003e7a        0x4 modules/nordic/lib..__modules__hal__nordic.a(system_nrf52.c.obj)
 .rodata.CSWTCH.4
                0x0000000000003e7e        0x4 modules/nordic/lib..__modules__hal__nordic.a(system_nrf52.c.obj)
 .rodata.z_cstart.str1.1
                0x0000000000003e82        0xa zephyr/kernel/libkernel.a(init.c.obj)
 .rodata.str1.1
                0x0000000000003e8c        0x1 zephyr/kernel/libkernel.a(mempool.c.obj)
 *(SORT_BY_ALIGNMENT(.gnu.linkonce.r.*))
                0x0000000000003e90                . = ALIGN (0x4)
                0x0000000000003e8c                _image_rodata_end = .
                0x0000000000003ea0                . = ALIGN (_region_min_align)
                0x0000000000004000                . = ALIGN ((0x1 << LOG2CEIL ((_image_rodata_end - _image_rom_start))))
                0x0000000000004000                _image_rom_end = .
                0x0000000020000000                . = 0x20000000
                0x0000000020000000                . = ALIGN (_region_min_align)
                0x0000000020000000                _image_ram_start = .

.ramfunc        0x0000000020000000        0x0 load address 0x0000000000003e8c
                0x0000000020000000                . = ALIGN (_region_min_align)
                0x0000000020000000                . = ALIGN ((0x1 << LOG2CEIL (_ramfunc_ram_size)))
                0x0000000020000000                _ramfunc_ram_start = .
 *(SORT_BY_ALIGNMENT(.ramfunc))
 *(SORT_BY_ALIGNMENT(.ramfunc.*))
                0x0000000020000000                . = ALIGN (_region_min_align)
                0x0000000020000000                . = ALIGN ((0x1 << LOG2CEIL (_ramfunc_ram_size)))
                0x0000000020000000                _ramfunc_ram_end = .
                0x0000000000000000                _ramfunc_ram_size = (_ramfunc_ram_end - _ramfunc_ram_start)
                0x0000000000003e8c                _ramfunc_rom_start = LOADADDR (.ramfunc)

bss             0x0000000020000000     0x422b
                0x0000000020000000                . = ALIGN (0x4)
                0x0000000020000000                __bss_start = .
                0x0000000020000000                __kernel_ram_start = .
 *(SORT_BY_ALIGNMENT(.bss))
 *(SORT_BY_ALIGNMENT(.bss.*))
 .bss.curr_tick
                0x0000000020000000        0x8 zephyr/kernel/libkernel.a(timeout.c.obj)
 .bss.data      0x0000000020000008       0x18 zephyr/libzephyr.a(nrf_power_clock.c.obj)
 .bss.last_count
                0x0000000020000020        0x4 zephyr/libzephyr.a(nrf_rtc_timer.c.obj)
 .bss.gpio_nrfx_p0_data
                0x0000000020000024       0x20 zephyr/drivers/gpio/libdrivers__gpio.a(gpio_nrfx.c.obj)
 .bss.m_cb      0x0000000020000044       0x2c modules/nordic/lib..__modules__hal__nordic.a(nrfx_spi.c.obj)
 .bss.m_cb      0x0000000020000070       0x3c modules/nordic/lib..__modules__hal__nordic.a(nrfx_twi.c.obj)
 .bss.z_idle_thread
                0x00000000200000ac       0x6c zephyr/kernel/libkernel.a(init.c.obj)
                0x00000000200000ac                z_idle_thread
 .bss.z_main_thread
                0x0000000020000118       0x6c zephyr/kernel/libkernel.a(init.c.obj)
                0x0000000020000118                z_main_thread
 .bss._mpool_buf__heap_mem_pool
                0x0000000020000184     0x4028 zephyr/kernel/libkernel.a(mempool.c.obj)
                0x0000000020000184                _mpool_buf__heap_mem_pool
 .bss._mpool_lvls__heap_mem_pool
                0x00000000200041ac       0x3c zephyr/kernel/libkernel.a(mempool.c.obj)
                0x00000000200041ac                _mpool_lvls__heap_mem_pool
 .bss._kernel   0x00000000200041e8       0x30 zephyr/kernel/libkernel.a(sched.c.obj)
                0x00000000200041e8                _kernel
 .bss.pending_current
                0x0000000020004218        0x4 zephyr/kernel/libkernel.a(sched.c.obj)
 .bss.slice_max_prio
                0x000000002000421c        0x4 zephyr/kernel/libkernel.a(sched.c.obj)
 .bss.slice_time
                0x0000000020004220        0x4 zephyr/kernel/libkernel.a(sched.c.obj)
 .bss.announce_remaining
                0x0000000020004224        0x4 zephyr/kernel/libkernel.a(timeout.c.obj)
 .bss.static_regions_num
                0x0000000020004228        0x1 zephyr/arch/arch/arm/core/aarch32/cortex_m/mpu/libarch__arm__core__aarch32__cortex_m__mpu.a(arm_mpu.c.obj)
 .bss.gpio_initialized.9256
                0x0000000020004229        0x1 zephyr/drivers/gpio/libdrivers__gpio.a(gpio_nrfx.c.obj)
 .bss.z_sys_post_kernel
                0x000000002000422a        0x1 zephyr/kernel/libkernel.a(init.c.obj)
                0x000000002000422a                z_sys_post_kernel
 .bss.lock      0x000000002000422b        0x0 zephyr/kernel/libkernel.a(sem.c.obj)
 .bss.lock      0x000000002000422b        0x0 zephyr/kernel/libkernel.a(thread.c.obj)
 *(SORT_BY_ALIGNMENT(COMMON))
 *(SORT_BY_ALIGNMENT(.kernel_bss.*))
                0x000000002000422c                __bss_end = ALIGN (0x4)

noinit          0x0000000020004230      0xd40
 *(SORT_BY_ALIGNMENT(.noinit))
 *(SORT_BY_ALIGNMENT(.noinit.*))
 .noinit."WEST_TOPDIR/zephyr/kernel/init.c".3
                0x0000000020004230      0x400 zephyr/kernel/libkernel.a(init.c.obj)
                0x0000000020004230                z_main_stack
 .noinit."WEST_TOPDIR/zephyr/kernel/init.c".4
                0x0000000020004630      0x140 zephyr/kernel/libkernel.a(init.c.obj)
                0x0000000020004630                z_idle_stack
 .noinit."WEST_TOPDIR/zephyr/kernel/init.c".5
                0x0000000020004770      0x800 zephyr/kernel/libkernel.a(init.c.obj)
                0x0000000020004770                _interrupt_stack
 *(SORT_BY_ALIGNMENT(.kernel_noinit.*))

datas           0x0000000020004f70       0xdc load address 0x0000000000003e8c
                0x0000000020004f70                __data_ram_start = .
 *(SORT_BY_ALIGNMENT(.data))
 *(SORT_BY_ALIGNMENT(.data.*))
 .data.st7789v_data
                0x0000000020004f70       0x2c zephyr/libzephyr.a(display_st7789v.c.obj)
 .data.twi_1_data
                0x0000000020004f9c       0x28 zephyr/drivers/i2c/libdrivers__i2c.a(i2c_nrfx_twi.c.obj)
 .data.spi_0_data
                0x0000000020004fc4       0x50 zephyr/drivers/spi/libdrivers__spi.a(spi_nrfx_spi.c.obj)
 .data.SystemCoreClock
                0x0000000020005014        0x4 modules/nordic/lib..__modules__hal__nordic.a(system_nrf52.c.obj)
                0x0000000020005014                SystemCoreClock
 .data.timeout_list
                0x0000000020005018        0x8 zephyr/kernel/libkernel.a(timeout.c.obj)
 .data.st7789v_cmd2en_param
                0x0000000020005020        0x4 zephyr/libzephyr.a(display_st7789v.c.obj)
 .data.st7789v_nvgam_param
                0x0000000020005024        0xe zephyr/libzephyr.a(display_st7789v.c.obj)
 .data.st7789v_porch_param
                0x0000000020005032        0x5 zephyr/libzephyr.a(display_st7789v.c.obj)
 .data.st7789v_pvgam_param
                0x0000000020005037        0xe zephyr/libzephyr.a(display_st7789v.c.obj)
 .data.st7789v_pwctrl1_param
                0x0000000020005045        0x2 zephyr/libzephyr.a(display_st7789v.c.obj)
 .data.st7789v_ram_param
                0x0000000020005047        0x2 zephyr/libzephyr.a(display_st7789v.c.obj)
 .data.st7789v_rgb_param
                0x0000000020005049        0x3 zephyr/libzephyr.a(display_st7789v.c.obj)
 *(SORT_BY_ALIGNMENT(.kernel.*))
                0x0000000000003e8c                __data_rom_start = LOADADDR (datas)

initlevel       0x000000002000504c       0x6c load address 0x0000000000003f68
                0x000000002000504c                __device_init_start = .
                0x000000002000504c                __device_PRE_KERNEL_1_start = .
 *(SORT_BY_NAME(SORT_BY_ALIGNMENT(.init_PRE_KERNEL_1[0-9])))
 .init_PRE_KERNEL_10
                0x000000002000504c        0xc zephyr/soc/arm/nordic_nrf/nrf52/libsoc__arm__nordic_nrf__nrf52.a(soc.c.obj)
 *(SORT_BY_NAME(SORT_BY_ALIGNMENT(.init_PRE_KERNEL_1[1-9][0-9])))
 .init_PRE_KERNEL_130
                0x0000000020005058        0xc zephyr/kernel/libkernel.a(mempool.c.obj)
 .init_PRE_KERNEL_140
                0x0000000020005064        0xc zephyr/arch/arch/arm/core/aarch32/cortex_m/mpu/libarch__arm__core__aarch32__cortex_m__mpu.a(arm_mpu.c.obj)
 .init_PRE_KERNEL_150
                0x0000000020005070        0xc zephyr/libzephyr.a(nrf_power_clock.c.obj)
                0x000000002000507c                __device_PRE_KERNEL_2_start = .
 *(SORT_BY_NAME(SORT_BY_ALIGNMENT(.init_PRE_KERNEL_2[0-9])))
 .init_PRE_KERNEL_20
                0x000000002000507c        0xc zephyr/libzephyr.a(sys_clock_init.c.obj)
 *(SORT_BY_NAME(SORT_BY_ALIGNMENT(.init_PRE_KERNEL_2[1-9][0-9])))
                0x0000000020005088                __device_POST_KERNEL_start = .
 *(SORT_BY_NAME(SORT_BY_ALIGNMENT(.init_POST_KERNEL[0-9])))
 *(SORT_BY_NAME(SORT_BY_ALIGNMENT(.init_POST_KERNEL[1-9][0-9])))
 .init_POST_KERNEL40
                0x0000000020005088        0xc zephyr/drivers/gpio/libdrivers__gpio.a(gpio_nrfx.c.obj)
 .init_POST_KERNEL60
                0x0000000020005094        0xc zephyr/drivers/i2c/libdrivers__i2c.a(i2c_nrfx_twi.c.obj)
 .init_POST_KERNEL70
                0x00000000200050a0        0xc zephyr/drivers/spi/libdrivers__spi.a(spi_nrfx_spi.c.obj)
                0x00000000200050ac                __device_APPLICATION_start = .
 *(SORT_BY_NAME(SORT_BY_ALIGNMENT(.init_APPLICATION[0-9])))
 *(SORT_BY_NAME(SORT_BY_ALIGNMENT(.init_APPLICATION[1-9][0-9])))
 .init_APPLICATION90
                0x00000000200050ac        0xc zephyr/libzephyr.a(display_st7789v.c.obj)
                0x00000000200050b8                __device_init_end = .

initlevel_error
                0x000000002000504c        0x0
 *(SORT_BY_NAME(SORT_BY_ALIGNMENT(.init_[_A-Z0-9]*)))
                0x0000000000000001                ASSERT ((SIZEOF (initlevel_error) == 0x0), Undefined initialization levels used.)

initshell       0x00000000200050b8        0x0 load address 0x0000000000003fd4
                0x00000000200050b8                __shell_module_start = .
 *(SORT_BY_ALIGNMENT(.shell_module_*))
                0x00000000200050b8                __shell_module_end = .
                0x00000000200050b8                __shell_cmd_start = .
 *(SORT_BY_ALIGNMENT(.shell_cmd_*))
                0x00000000200050b8                __shell_cmd_end = .

log_dynamic_sections
                0x00000000200050b8        0x0 load address 0x0000000000003fd4
                0x00000000200050b8                __log_dynamic_start = .
 *(SORT_BY_NAME(SORT_BY_ALIGNMENT(.log_dynamic_*)))
                0x00000000200050b8                __log_dynamic_end = .

_static_thread_area
                0x00000000200050b8        0x0 load address 0x0000000000003fd4
                0x00000000200050b8                __static_thread_data_list_start = .
 *(SORT_BY_NAME(SORT_BY_ALIGNMENT(.__static_thread_data.static.*)))
                0x00000000200050b8                __static_thread_data_list_end = .

_k_timer_area   0x00000000200050b8        0x0 load address 0x0000000000003fd4
                0x00000000200050b8                _k_timer_list_start = .
 *(SORT_BY_ALIGNMENT(._k_timer.static.*))
                0x00000000200050b8                _k_timer_list_end = .

_k_mem_slab_area
                0x00000000200050b8        0x0 load address 0x0000000000003fd4
                0x00000000200050b8                _k_mem_slab_list_start = .
 *(SORT_BY_ALIGNMENT(._k_mem_slab.static.*))
                0x00000000200050b8                _k_mem_slab_list_end = .

_k_mem_pool_area
                0x00000000200050b8       0x1c load address 0x0000000000003fd4
                0x00000000200050b8                _k_mem_pool_list_start = .
 *(SORT_BY_ALIGNMENT(._k_mem_pool.static.*))
 ._k_mem_pool.static._heap_mem_pool
                0x00000000200050b8       0x1c zephyr/kernel/libkernel.a(mempool.c.obj)
                0x00000000200050b8                _heap_mem_pool
                0x00000000200050d4                _k_mem_pool_list_end = .

_k_sem_area     0x00000000200050d4        0x0 load address 0x0000000000003ff0
                0x00000000200050d4                _k_sem_list_start = .
 *(SORT_BY_ALIGNMENT(._k_sem.static.*))
 *(SORT_BY_ALIGNMENT(._sys_sem.static.*))
                0x00000000200050d4                _k_sem_list_end = .

_k_mutex_area   0x00000000200050d4       0x14 load address 0x0000000000003ff0
                0x00000000200050d4                _k_mutex_list_start = .
 *(SORT_BY_ALIGNMENT(._k_mutex.static.*))
 ._k_mutex.static.fdtable_lock
                0x00000000200050d4       0x14 zephyr/libzephyr.a(fdtable.c.obj)
                0x00000000200050e8                _k_mutex_list_end = .

_k_queue_area   0x00000000200050e8        0x0 load address 0x0000000000004004
                0x00000000200050e8                _k_queue_list_start = .
 *(SORT_BY_ALIGNMENT(._k_queue.static.*))
 *(SORT_BY_ALIGNMENT(._k_fifo.static.*))
 *(SORT_BY_ALIGNMENT(._k_lifo.static.*))
                0x00000000200050e8                _k_queue_list_end = .

_k_stack_area   0x00000000200050e8        0x0 load address 0x0000000000004004
                0x00000000200050e8                _k_stack_list_start = .
 *(SORT_BY_ALIGNMENT(._k_stack.static.*))
                0x00000000200050e8                _k_stack_list_end = .

_k_msgq_area    0x00000000200050e8        0x0 load address 0x0000000000004004
                0x00000000200050e8                _k_msgq_list_start = .
 *(SORT_BY_ALIGNMENT(._k_msgq.static.*))
                0x00000000200050e8                _k_msgq_list_end = .

_k_mbox_area    0x00000000200050e8        0x0 load address 0x0000000000004004
                0x00000000200050e8                _k_mbox_list_start = .
 *(SORT_BY_ALIGNMENT(._k_mbox.static.*))
                0x00000000200050e8                _k_mbox_list_end = .

_k_pipe_area    0x00000000200050e8        0x0 load address 0x0000000000004004
                0x00000000200050e8                _k_pipe_list_start = .
 *(SORT_BY_ALIGNMENT(._k_pipe.static.*))
                0x00000000200050e8                _k_pipe_list_end = .

_net_buf_pool_area
                0x00000000200050e8        0x0 load address 0x0000000000004004
                0x00000000200050e8                _net_buf_pool_list = .
 *(SORT_BY_NAME(SORT_BY_ALIGNMENT(._net_buf_pool.static.*)))

net_if          0x00000000200050e8        0x0 load address 0x0000000000004004
                0x00000000200050e8                __net_if_start = .
 *(SORT_BY_ALIGNMENT(.net_if.*))
 *(SORT_BY_NAME(SORT_BY_ALIGNMENT(.net_if.*)))
                0x00000000200050e8                __net_if_end = .

net_if_dev      0x00000000200050e8        0x0 load address 0x0000000000004004
                0x00000000200050e8                __net_if_dev_start = .
 *(SORT_BY_ALIGNMENT(.net_if_dev.*))
 *(SORT_BY_NAME(SORT_BY_ALIGNMENT(.net_if_dev.*)))
                0x00000000200050e8                __net_if_dev_end = .

net_l2_data     0x00000000200050e8        0x0 load address 0x0000000000004004
                0x00000000200050e8                __net_l2_data_start = .
 *(SORT_BY_ALIGNMENT(.net_l2.data))
 *(SORT_BY_NAME(SORT_BY_ALIGNMENT(.net_l2.data*)))
                0x00000000200050e8                __net_l2_data_end = .

priv_stacks_noinit
                0x00000000200050e8        0x0 load address 0x0000000000004004
                0x00000000200050e8                z_priv_stacks_ram_start = .
 *(SORT_BY_ALIGNMENT(.priv_stacks.noinit))
                0x00000000200050e8                z_priv_stacks_ram_end = .
                0x00000000200050e8                __data_ram_end = .
                0x00000000200050e8                _image_ram_end = .
                0x00000000200050e8                _end = .
                0x0000000020010000                __kernel_ram_end = 0x20010000
                0x0000000000010000                __kernel_ram_size = (__kernel_ram_end - __kernel_ram_start)

.stab
 *(SORT_BY_ALIGNMENT(.stab))

.stabstr
 *(SORT_BY_ALIGNMENT(.stabstr))

.stab.excl
 *(SORT_BY_ALIGNMENT(.stab.excl))

.stab.exclstr
 *(SORT_BY_ALIGNMENT(.stab.exclstr))

.stab.index
 *(SORT_BY_ALIGNMENT(.stab.index))

.stab.indexstr
 *(SORT_BY_ALIGNMENT(.stab.indexstr))

.gnu.build.attributes
 *(SORT_BY_ALIGNMENT(.gnu.build.attributes) SORT_BY_ALIGNMENT(.gnu.build.attributes.*))

.comment        0x0000000000000000       0x79
 *(SORT_BY_ALIGNMENT(.comment))
 .comment       0x0000000000000000       0x79 zephyr/CMakeFiles/zephyr_final.dir/isr_tables.c.obj
                                         0x7a (size before relaxing)
 .comment       0x0000000000000079       0x7a app/libapp.a(main.c.obj)
 .comment       0x0000000000000079       0x7a zephyr/libzephyr.a(fdtable.c.obj)
 .comment       0x0000000000000079       0x7a zephyr/libzephyr.a(mempool.c.obj)
 .comment       0x0000000000000079       0x7a zephyr/libzephyr.a(thread_entry.c.obj)
 .comment       0x0000000000000079       0x7a zephyr/libzephyr.a(configs.c.obj)
 .comment       0x0000000000000079       0x7a zephyr/libzephyr.a(nrf_power_clock.c.obj)
 .comment       0x0000000000000079       0x7a zephyr/libzephyr.a(display_st7789v.c.obj)
 .comment       0x0000000000000079       0x7a zephyr/libzephyr.a(sys_clock_init.c.obj)
 .comment       0x0000000000000079       0x7a zephyr/libzephyr.a(nrf_rtc_timer.c.obj)
 .comment       0x0000000000000079       0x7a zephyr/arch/common/libarch__common.a(isr_tables.c.obj)
 .comment       0x0000000000000079       0x7a zephyr/arch/arch/arm/core/aarch32/libarch__arm__core__aarch32.a(swap.c.obj)
 .comment       0x0000000000000079       0x7a zephyr/arch/arch/arm/core/aarch32/libarch__arm__core__aarch32.a(irq_manage.c.obj)
 .comment       0x0000000000000079       0x7a zephyr/arch/arch/arm/core/aarch32/libarch__arm__core__aarch32.a(thread.c.obj)
 .comment       0x0000000000000079       0x7a zephyr/arch/arch/arm/core/aarch32/libarch__arm__core__aarch32.a(fatal.c.obj)
 .comment       0x0000000000000079       0x7a zephyr/arch/arch/arm/core/aarch32/libarch__arm__core__aarch32.a(nmi.c.obj)
 .comment       0x0000000000000079       0x7a zephyr/arch/arch/arm/core/aarch32/libarch__arm__core__aarch32.a(prep_c.c.obj)
 .comment       0x0000000000000079       0x7a zephyr/arch/arch/arm/core/aarch32/cortex_m/libarch__arm__core__aarch32__cortex_m.a(fault.c.obj)
 .comment       0x0000000000000079       0x7a zephyr/arch/arch/arm/core/aarch32/cortex_m/libarch__arm__core__aarch32__cortex_m.a(irq_init.c.obj)
 .comment       0x0000000000000079       0x7a zephyr/arch/arch/arm/core/aarch32/cortex_m/libarch__arm__core__aarch32__cortex_m.a(thread_abort.c.obj)
 .comment       0x0000000000000079       0x7a zephyr/arch/arch/arm/core/aarch32/cortex_m/mpu/libarch__arm__core__aarch32__cortex_m__mpu.a(arm_core_mpu.c.obj)
 .comment       0x0000000000000079       0x7a zephyr/arch/arch/arm/core/aarch32/cortex_m/mpu/libarch__arm__core__aarch32__cortex_m__mpu.a(arm_mpu.c.obj)
 .comment       0x0000000000000079       0x7a zephyr/lib/libc/minimal/liblib__libc__minimal.a(string.c.obj)
 .comment       0x0000000000000079       0x7a zephyr/soc/arm/common/cortex_m/libsoc__arm__common__cortex_m.a(arm_mpu_regions.c.obj)
 .comment       0x0000000000000079       0x7a zephyr/soc/arm/nordic_nrf/nrf52/libsoc__arm__nordic_nrf__nrf52.a(soc.c.obj)
 .comment       0x0000000000000079       0x7a zephyr/drivers/gpio/libdrivers__gpio.a(gpio_nrfx.c.obj)
 .comment       0x0000000000000079       0x7a zephyr/drivers/i2c/libdrivers__i2c.a(i2c_nrfx_twi.c.obj)
 .comment       0x0000000000000079       0x7a zephyr/drivers/spi/libdrivers__spi.a(spi_nrfx_spi.c.obj)
 .comment       0x0000000000000079       0x7a modules/nrf/lib/fatal_error/lib..__nrf__lib__fatal_error.a(fatal_error.c.obj)
 .comment       0x0000000000000079       0x7a modules/nordic/lib..__modules__hal__nordic.a(system_nrf52.c.obj)
 .comment       0x0000000000000079       0x7a modules/nordic/lib..__modules__hal__nordic.a(nrfx_glue.c.obj)
 .comment       0x0000000000000079       0x7a modules/nordic/lib..__modules__hal__nordic.a(nrfx_spi.c.obj)
 .comment       0x0000000000000079       0x7a modules/nordic/lib..__modules__hal__nordic.a(nrfx_twi.c.obj)
 .comment       0x0000000000000079       0x7a zephyr/kernel/libkernel.a(device.c.obj)
 .comment       0x0000000000000079       0x7a zephyr/kernel/libkernel.a(errno.c.obj)
 .comment       0x0000000000000079       0x7a zephyr/kernel/libkernel.a(fatal.c.obj)
 .comment       0x0000000000000079       0x7a zephyr/kernel/libkernel.a(idle.c.obj)
 .comment       0x0000000000000079       0x7a zephyr/kernel/libkernel.a(init.c.obj)
 .comment       0x0000000000000079       0x7a zephyr/kernel/libkernel.a(mempool.c.obj)
 .comment       0x0000000000000079       0x7a zephyr/kernel/libkernel.a(sched.c.obj)
 .comment       0x0000000000000079       0x7a zephyr/kernel/libkernel.a(sem.c.obj)
 .comment       0x0000000000000079       0x7a zephyr/kernel/libkernel.a(thread.c.obj)
 .comment       0x0000000000000079       0x7a zephyr/kernel/libkernel.a(timeout.c.obj)
 .comment       0x0000000000000079       0x7a zephyr/CMakeFiles/offsets.dir/arch/arm/core/offsets/offsets.c.obj

.debug
 *(SORT_BY_ALIGNMENT(.debug))

.line
 *(SORT_BY_ALIGNMENT(.line))

.debug_srcinfo
 *(SORT_BY_ALIGNMENT(.debug_srcinfo))

.debug_sfnames
 *(SORT_BY_ALIGNMENT(.debug_sfnames))

.debug_aranges  0x0000000000000000      0xd28
 *(SORT_BY_ALIGNMENT(.debug_aranges))
 .debug_aranges
                0x0000000000000000       0x20 zephyr/arch/arch/arm/core/aarch32/libarch__arm__core__aarch32.a(exc_exit.S.obj)
 .debug_aranges
                0x0000000000000020       0x28 zephyr/arch/arch/arm/core/aarch32/libarch__arm__core__aarch32.a(swap_helper.S.obj)
 .debug_aranges
                0x0000000000000048       0x30 zephyr/arch/arch/arm/core/aarch32/libarch__arm__core__aarch32.a(cpu_idle.S.obj)
 .debug_aranges
                0x0000000000000078       0x20 zephyr/arch/arch/arm/core/aarch32/libarch__arm__core__aarch32.a(fault_s.S.obj)
 .debug_aranges
                0x0000000000000098       0x20 zephyr/arch/arch/arm/core/aarch32/libarch__arm__core__aarch32.a(nmi_on_reset.S.obj)
 .debug_aranges
                0x00000000000000b8       0x20 zephyr/arch/arch/arm/core/aarch32/libarch__arm__core__aarch32.a(isr_wrapper.S.obj)
 .debug_aranges
                0x00000000000000d8       0x20 zephyr/arch/arch/arm/core/aarch32/cortex_m/libarch__arm__core__aarch32__cortex_m.a(reset.S.obj)
 .debug_aranges
                0x00000000000000f8       0x18 zephyr/CMakeFiles/zephyr_final.dir/isr_tables.c.obj
 .debug_aranges
                0x0000000000000110       0x28 app/libapp.a(main.c.obj)
 .debug_aranges
                0x0000000000000138       0x50 zephyr/libzephyr.a(fdtable.c.obj)
 .debug_aranges
                0x0000000000000188       0x68 zephyr/libzephyr.a(mempool.c.obj)
 .debug_aranges
                0x00000000000001f0       0x20 zephyr/libzephyr.a(thread_entry.c.obj)
 .debug_aranges
                0x0000000000000210       0x20 zephyr/libzephyr.a(configs.c.obj)
 .debug_aranges
                0x0000000000000230       0x50 zephyr/libzephyr.a(nrf_power_clock.c.obj)
 .debug_aranges
                0x0000000000000280       0x80 zephyr/libzephyr.a(display_st7789v.c.obj)
 .debug_aranges
                0x0000000000000300       0x40 zephyr/libzephyr.a(sys_clock_init.c.obj)
 .debug_aranges
                0x0000000000000340       0x40 zephyr/libzephyr.a(nrf_rtc_timer.c.obj)
 .debug_aranges
                0x0000000000000380       0x18 zephyr/arch/common/libarch__common.a(isr_tables.c.obj)
 .debug_aranges
                0x0000000000000398       0x20 zephyr/arch/arch/arm/core/aarch32/libarch__arm__core__aarch32.a(swap.c.obj)
 .debug_aranges
                0x00000000000003b8       0x48 zephyr/arch/arch/arm/core/aarch32/libarch__arm__core__aarch32.a(irq_manage.c.obj)
 .debug_aranges
                0x0000000000000400       0x28 zephyr/arch/arch/arm/core/aarch32/libarch__arm__core__aarch32.a(thread.c.obj)
 .debug_aranges
                0x0000000000000428       0x30 zephyr/arch/arch/arm/core/aarch32/libarch__arm__core__aarch32.a(fatal.c.obj)
 .debug_aranges
                0x0000000000000458       0x20 zephyr/arch/arch/arm/core/aarch32/libarch__arm__core__aarch32.a(nmi.c.obj)
 .debug_aranges
                0x0000000000000478       0x20 zephyr/arch/arch/arm/core/aarch32/libarch__arm__core__aarch32.a(prep_c.c.obj)
 .debug_aranges
                0x0000000000000498       0x40 zephyr/arch/arch/arm/core/aarch32/cortex_m/libarch__arm__core__aarch32__cortex_m.a(fault.c.obj)
 .debug_aranges
                0x00000000000004d8       0x20 zephyr/arch/arch/arm/core/aarch32/cortex_m/libarch__arm__core__aarch32__cortex_m.a(irq_init.c.obj)
 .debug_aranges
                0x00000000000004f8       0x20 zephyr/arch/arch/arm/core/aarch32/cortex_m/libarch__arm__core__aarch32__cortex_m.a(thread_abort.c.obj)
 .debug_aranges
                0x0000000000000518       0x28 zephyr/arch/arch/arm/core/aarch32/cortex_m/mpu/libarch__arm__core__aarch32__cortex_m__mpu.a(arm_core_mpu.c.obj)
 .debug_aranges
                0x0000000000000540       0x48 zephyr/arch/arch/arm/core/aarch32/cortex_m/mpu/libarch__arm__core__aarch32__cortex_m__mpu.a(arm_mpu.c.obj)
 .debug_aranges
                0x0000000000000588       0x90 zephyr/lib/libc/minimal/liblib__libc__minimal.a(string.c.obj)
 .debug_aranges
                0x0000000000000618       0x18 zephyr/soc/arm/common/cortex_m/libsoc__arm__common__cortex_m.a(arm_mpu_regions.c.obj)
 .debug_aranges
                0x0000000000000630       0x38 zephyr/soc/arm/nordic_nrf/nrf52/libsoc__arm__nordic_nrf__nrf52.a(soc.c.obj)
 .debug_aranges
                0x0000000000000668       0x60 zephyr/drivers/gpio/libdrivers__gpio.a(gpio_nrfx.c.obj)
 .debug_aranges
                0x00000000000006c8       0x38 zephyr/drivers/i2c/libdrivers__i2c.a(i2c_nrfx_twi.c.obj)
 .debug_aranges
                0x0000000000000700       0x58 zephyr/drivers/spi/libdrivers__spi.a(spi_nrfx_spi.c.obj)
 .debug_aranges
                0x0000000000000758       0x20 modules/nrf/lib/fatal_error/lib..__nrf__lib__fatal_error.a(fatal_error.c.obj)
 .debug_aranges
                0x0000000000000778       0x38 modules/nordic/lib..__modules__hal__nordic.a(system_nrf52.c.obj)
 .debug_aranges
                0x00000000000007b0       0x28 modules/nordic/lib..__modules__hal__nordic.a(nrfx_glue.c.obj)
 .debug_aranges
                0x00000000000007d8       0x48 modules/nordic/lib..__modules__hal__nordic.a(nrfx_spi.c.obj)
 .debug_aranges
                0x0000000000000820       0x88 modules/nordic/lib..__modules__hal__nordic.a(nrfx_twi.c.obj)
 .debug_aranges
                0x00000000000008a8       0x30 zephyr/kernel/libkernel.a(device.c.obj)
 .debug_aranges
                0x00000000000008d8       0x20 zephyr/kernel/libkernel.a(errno.c.obj)
 .debug_aranges
                0x00000000000008f8       0x38 zephyr/kernel/libkernel.a(fatal.c.obj)
 .debug_aranges
                0x0000000000000930       0x28 zephyr/kernel/libkernel.a(idle.c.obj)
 .debug_aranges
                0x0000000000000958       0x48 zephyr/kernel/libkernel.a(init.c.obj)
 .debug_aranges
                0x00000000000009a0       0x68 zephyr/kernel/libkernel.a(mempool.c.obj)
 .debug_aranges
                0x0000000000000a08      0x198 zephyr/kernel/libkernel.a(sched.c.obj)
 .debug_aranges
                0x0000000000000ba0       0x30 zephyr/kernel/libkernel.a(sem.c.obj)
 .debug_aranges
                0x0000000000000bd0       0xc0 zephyr/kernel/libkernel.a(thread.c.obj)
 .debug_aranges
                0x0000000000000c90       0x78 zephyr/kernel/libkernel.a(timeout.c.obj)
 .debug_aranges
                0x0000000000000d08       0x20 zephyr/CMakeFiles/offsets.dir/arch/arm/core/offsets/offsets.c.obj

.debug_pubnames
 *(SORT_BY_ALIGNMENT(.debug_pubnames))

.debug_info     0x0000000000000000    0x367fb
 *(SORT_BY_ALIGNMENT(.debug_info) SORT_BY_ALIGNMENT(.gnu.linkonce.wi.*))
 .debug_info    0x0000000000000000      0x1da zephyr/CMakeFiles/zephyr_final.dir/isr_tables.c.obj
 .debug_info    0x00000000000001da     0x1735 app/libapp.a(main.c.obj)
 .debug_info    0x000000000000190f      0xee1 zephyr/libzephyr.a(fdtable.c.obj)
 .debug_info    0x00000000000027f0     0x1c65 zephyr/libzephyr.a(mempool.c.obj)
 .debug_info    0x0000000000004455      0x9d0 zephyr/libzephyr.a(thread_entry.c.obj)
 .debug_info    0x0000000000004e25       0x38 zephyr/libzephyr.a(configs.c.obj)
 .debug_info    0x0000000000004e5d     0x2420 zephyr/libzephyr.a(nrf_power_clock.c.obj)
 .debug_info    0x000000000000727d     0x2938 zephyr/libzephyr.a(display_st7789v.c.obj)
 .debug_info    0x0000000000009bb5      0xaeb zephyr/libzephyr.a(sys_clock_init.c.obj)
 .debug_info    0x000000000000a6a0     0x1de6 zephyr/libzephyr.a(nrf_rtc_timer.c.obj)
 .debug_info    0x000000000000c486      0x214 zephyr/arch/common/libarch__common.a(isr_tables.c.obj)
 .debug_info    0x000000000000c69a       0x26 zephyr/arch/arch/arm/core/aarch32/libarch__arm__core__aarch32.a(exc_exit.S.obj)
 .debug_info    0x000000000000c6c0      0xb5c zephyr/arch/arch/arm/core/aarch32/libarch__arm__core__aarch32.a(swap.c.obj)
 .debug_info    0x000000000000d21c       0x22 zephyr/arch/arch/arm/core/aarch32/libarch__arm__core__aarch32.a(swap_helper.S.obj)
 .debug_info    0x000000000000d23e      0xf2b zephyr/arch/arch/arm/core/aarch32/libarch__arm__core__aarch32.a(irq_manage.c.obj)
 .debug_info    0x000000000000e169      0xcb8 zephyr/arch/arch/arm/core/aarch32/libarch__arm__core__aarch32.a(thread.c.obj)
 .debug_info    0x000000000000ee21       0x22 zephyr/arch/arch/arm/core/aarch32/libarch__arm__core__aarch32.a(cpu_idle.S.obj)
 .debug_info    0x000000000000ee43       0x26 zephyr/arch/arch/arm/core/aarch32/libarch__arm__core__aarch32.a(fault_s.S.obj)
 .debug_info    0x000000000000ee69      0xe00 zephyr/arch/arch/arm/core/aarch32/libarch__arm__core__aarch32.a(fatal.c.obj)
 .debug_info    0x000000000000fc69      0x8c9 zephyr/arch/arch/arm/core/aarch32/libarch__arm__core__aarch32.a(nmi.c.obj)
 .debug_info    0x0000000000010532       0x26 zephyr/arch/arch/arm/core/aarch32/libarch__arm__core__aarch32.a(nmi_on_reset.S.obj)
 .debug_info    0x0000000000010558      0xd43 zephyr/arch/arch/arm/core/aarch32/libarch__arm__core__aarch32.a(prep_c.c.obj)
 .debug_info    0x000000000001129b       0x26 zephyr/arch/arch/arm/core/aarch32/libarch__arm__core__aarch32.a(isr_wrapper.S.obj)
 .debug_info    0x00000000000112c1       0x26 zephyr/arch/arch/arm/core/aarch32/cortex_m/libarch__arm__core__aarch32__cortex_m.a(reset.S.obj)
 .debug_info    0x00000000000112e7     0x17bf zephyr/arch/arch/arm/core/aarch32/cortex_m/libarch__arm__core__aarch32__cortex_m.a(fault.c.obj)
 .debug_info    0x0000000000012aa6      0x661 zephyr/arch/arch/arm/core/aarch32/cortex_m/libarch__arm__core__aarch32__cortex_m.a(irq_init.c.obj)
 .debug_info    0x0000000000013107      0xc2e zephyr/arch/arch/arm/core/aarch32/cortex_m/libarch__arm__core__aarch32__cortex_m.a(thread_abort.c.obj)
 .debug_info    0x0000000000013d35      0xc6e zephyr/arch/arch/arm/core/aarch32/cortex_m/mpu/libarch__arm__core__aarch32__cortex_m__mpu.a(arm_core_mpu.c.obj)
 .debug_info    0x00000000000149a3     0x1551 zephyr/arch/arch/arm/core/aarch32/cortex_m/mpu/libarch__arm__core__aarch32__cortex_m__mpu.a(arm_mpu.c.obj)
 .debug_info    0x0000000000015ef4      0x70d zephyr/lib/libc/minimal/liblib__libc__minimal.a(string.c.obj)
 .debug_info    0x0000000000016601      0x1eb zephyr/soc/arm/common/cortex_m/libsoc__arm__common__cortex_m.a(arm_mpu_regions.c.obj)
 .debug_info    0x00000000000167ec     0x140c zephyr/soc/arm/nordic_nrf/nrf52/libsoc__arm__nordic_nrf__nrf52.a(soc.c.obj)
 .debug_info    0x0000000000017bf8     0x2f0f zephyr/drivers/gpio/libdrivers__gpio.a(gpio_nrfx.c.obj)
 .debug_info    0x000000000001ab07     0x1aac zephyr/drivers/i2c/libdrivers__i2c.a(i2c_nrfx_twi.c.obj)
 .debug_info    0x000000000001c5b3     0x2ac5 zephyr/drivers/spi/libdrivers__spi.a(spi_nrfx_spi.c.obj)
 .debug_info    0x000000000001f078     0x10c3 modules/nrf/lib/fatal_error/lib..__nrf__lib__fatal_error.a(fatal_error.c.obj)
 .debug_info    0x000000000002013b     0x1362 modules/nordic/lib..__modules__hal__nordic.a(system_nrf52.c.obj)
 .debug_info    0x000000000002149d      0x94d modules/nordic/lib..__modules__hal__nordic.a(nrfx_glue.c.obj)
 .debug_info    0x0000000000021dea     0x1c78 modules/nordic/lib..__modules__hal__nordic.a(nrfx_spi.c.obj)
 .debug_info    0x0000000000023a62     0x24f7 modules/nordic/lib..__modules__hal__nordic.a(nrfx_twi.c.obj)
 .debug_info    0x0000000000025f59      0xad7 zephyr/kernel/libkernel.a(device.c.obj)
 .debug_info    0x0000000000026a30      0x925 zephyr/kernel/libkernel.a(errno.c.obj)
 .debug_info    0x0000000000027355     0x13ad zephyr/kernel/libkernel.a(fatal.c.obj)
 .debug_info    0x0000000000028702      0xae2 zephyr/kernel/libkernel.a(idle.c.obj)
 .debug_info    0x00000000000291e4     0x1e49 zephyr/kernel/libkernel.a(init.c.obj)
 .debug_info    0x000000000002b02d     0x1435 zephyr/kernel/libkernel.a(mempool.c.obj)
 .debug_info    0x000000000002c462     0x5002 zephyr/kernel/libkernel.a(sched.c.obj)
 .debug_info    0x0000000000031464     0x102c zephyr/kernel/libkernel.a(sem.c.obj)
 .debug_info    0x0000000000032490     0x1e75 zephyr/kernel/libkernel.a(thread.c.obj)
 .debug_info    0x0000000000034305     0x1c21 zephyr/kernel/libkernel.a(timeout.c.obj)
 .debug_info    0x0000000000035f26      0x8d5 zephyr/CMakeFiles/offsets.dir/arch/arm/core/offsets/offsets.c.obj

.debug_abbrev   0x0000000000000000     0x960c
 *(SORT_BY_ALIGNMENT(.debug_abbrev))
 .debug_abbrev  0x0000000000000000       0xf5 zephyr/CMakeFiles/zephyr_final.dir/isr_tables.c.obj
 .debug_abbrev  0x00000000000000f5      0x40b app/libapp.a(main.c.obj)
 .debug_abbrev  0x0000000000000500      0x3fb zephyr/libzephyr.a(fdtable.c.obj)
 .debug_abbrev  0x00000000000008fb      0x55f zephyr/libzephyr.a(mempool.c.obj)
 .debug_abbrev  0x0000000000000e5a      0x25e zephyr/libzephyr.a(thread_entry.c.obj)
 .debug_abbrev  0x00000000000010b8       0x2e zephyr/libzephyr.a(configs.c.obj)
 .debug_abbrev  0x00000000000010e6      0x5b3 zephyr/libzephyr.a(nrf_power_clock.c.obj)
 .debug_abbrev  0x0000000000001699      0x51f zephyr/libzephyr.a(display_st7789v.c.obj)
 .debug_abbrev  0x0000000000001bb8      0x270 zephyr/libzephyr.a(sys_clock_init.c.obj)
 .debug_abbrev  0x0000000000001e28      0x4b9 zephyr/libzephyr.a(nrf_rtc_timer.c.obj)
 .debug_abbrev  0x00000000000022e1       0xf5 zephyr/arch/common/libarch__common.a(isr_tables.c.obj)
 .debug_abbrev  0x00000000000023d6       0x14 zephyr/arch/arch/arm/core/aarch32/libarch__arm__core__aarch32.a(exc_exit.S.obj)
 .debug_abbrev  0x00000000000023ea      0x22c zephyr/arch/arch/arm/core/aarch32/libarch__arm__core__aarch32.a(swap.c.obj)
 .debug_abbrev  0x0000000000002616       0x12 zephyr/arch/arch/arm/core/aarch32/libarch__arm__core__aarch32.a(swap_helper.S.obj)
 .debug_abbrev  0x0000000000002628      0x346 zephyr/arch/arch/arm/core/aarch32/libarch__arm__core__aarch32.a(irq_manage.c.obj)
 .debug_abbrev  0x000000000000296e      0x299 zephyr/arch/arch/arm/core/aarch32/libarch__arm__core__aarch32.a(thread.c.obj)
 .debug_abbrev  0x0000000000002c07       0x12 zephyr/arch/arch/arm/core/aarch32/libarch__arm__core__aarch32.a(cpu_idle.S.obj)
 .debug_abbrev  0x0000000000002c19       0x14 zephyr/arch/arch/arm/core/aarch32/libarch__arm__core__aarch32.a(fault_s.S.obj)
 .debug_abbrev  0x0000000000002c2d      0x37a zephyr/arch/arch/arm/core/aarch32/libarch__arm__core__aarch32.a(fatal.c.obj)
 .debug_abbrev  0x0000000000002fa7      0x1c1 zephyr/arch/arch/arm/core/aarch32/libarch__arm__core__aarch32.a(nmi.c.obj)
 .debug_abbrev  0x0000000000003168       0x14 zephyr/arch/arch/arm/core/aarch32/libarch__arm__core__aarch32.a(nmi_on_reset.S.obj)
 .debug_abbrev  0x000000000000317c      0x240 zephyr/arch/arch/arm/core/aarch32/libarch__arm__core__aarch32.a(prep_c.c.obj)
 .debug_abbrev  0x00000000000033bc       0x14 zephyr/arch/arch/arm/core/aarch32/libarch__arm__core__aarch32.a(isr_wrapper.S.obj)
 .debug_abbrev  0x00000000000033d0       0x14 zephyr/arch/arch/arm/core/aarch32/cortex_m/libarch__arm__core__aarch32__cortex_m.a(reset.S.obj)
 .debug_abbrev  0x00000000000033e4      0x452 zephyr/arch/arch/arm/core/aarch32/cortex_m/libarch__arm__core__aarch32__cortex_m.a(fault.c.obj)
 .debug_abbrev  0x0000000000003836      0x1e6 zephyr/arch/arch/arm/core/aarch32/cortex_m/libarch__arm__core__aarch32__cortex_m.a(irq_init.c.obj)
 .debug_abbrev  0x0000000000003a1c      0x2c8 zephyr/arch/arch/arm/core/aarch32/cortex_m/libarch__arm__core__aarch32__cortex_m.a(thread_abort.c.obj)
 .debug_abbrev  0x0000000000003ce4      0x1fe zephyr/arch/arch/arm/core/aarch32/cortex_m/mpu/libarch__arm__core__aarch32__cortex_m__mpu.a(arm_core_mpu.c.obj)
 .debug_abbrev  0x0000000000003ee2      0x4d7 zephyr/arch/arch/arm/core/aarch32/cortex_m/mpu/libarch__arm__core__aarch32__cortex_m__mpu.a(arm_mpu.c.obj)
 .debug_abbrev  0x00000000000043b9      0x1a2 zephyr/lib/libc/minimal/liblib__libc__minimal.a(string.c.obj)
 .debug_abbrev  0x000000000000455b       0xf3 zephyr/soc/arm/common/cortex_m/libsoc__arm__common__cortex_m.a(arm_mpu_regions.c.obj)
 .debug_abbrev  0x000000000000464e      0x407 zephyr/soc/arm/nordic_nrf/nrf52/libsoc__arm__nordic_nrf__nrf52.a(soc.c.obj)
 .debug_abbrev  0x0000000000004a55      0x590 zephyr/drivers/gpio/libdrivers__gpio.a(gpio_nrfx.c.obj)
 .debug_abbrev  0x0000000000004fe5      0x4d0 zephyr/drivers/i2c/libdrivers__i2c.a(i2c_nrfx_twi.c.obj)
 .debug_abbrev  0x00000000000054b5      0x570 zephyr/drivers/spi/libdrivers__spi.a(spi_nrfx_spi.c.obj)
 .debug_abbrev  0x0000000000005a25      0x2a4 modules/nrf/lib/fatal_error/lib..__nrf__lib__fatal_error.a(fatal_error.c.obj)
 .debug_abbrev  0x0000000000005cc9      0x27d modules/nordic/lib..__modules__hal__nordic.a(system_nrf52.c.obj)
 .debug_abbrev  0x0000000000005f46      0x229 modules/nordic/lib..__modules__hal__nordic.a(nrfx_glue.c.obj)
 .debug_abbrev  0x000000000000616f      0x46a modules/nordic/lib..__modules__hal__nordic.a(nrfx_spi.c.obj)
 .debug_abbrev  0x00000000000065d9      0x4a6 modules/nordic/lib..__modules__hal__nordic.a(nrfx_twi.c.obj)
 .debug_abbrev  0x0000000000006a7f      0x2aa zephyr/kernel/libkernel.a(device.c.obj)
 .debug_abbrev  0x0000000000006d29      0x1c6 zephyr/kernel/libkernel.a(errno.c.obj)
 .debug_abbrev  0x0000000000006eef      0x3c3 zephyr/kernel/libkernel.a(fatal.c.obj)
 .debug_abbrev  0x00000000000072b2      0x2e9 zephyr/kernel/libkernel.a(idle.c.obj)
 .debug_abbrev  0x000000000000759b      0x5e5 zephyr/kernel/libkernel.a(init.c.obj)
 .debug_abbrev  0x0000000000007b80      0x462 zephyr/kernel/libkernel.a(mempool.c.obj)
 .debug_abbrev  0x0000000000007fe2      0x686 zephyr/kernel/libkernel.a(sched.c.obj)
 .debug_abbrev  0x0000000000008668      0x38a zephyr/kernel/libkernel.a(sem.c.obj)
 .debug_abbrev  0x00000000000089f2      0x5e9 zephyr/kernel/libkernel.a(thread.c.obj)
 .debug_abbrev  0x0000000000008fdb      0x47f zephyr/kernel/libkernel.a(timeout.c.obj)
 .debug_abbrev  0x000000000000945a      0x1b2 zephyr/CMakeFiles/offsets.dir/arch/arm/core/offsets/offsets.c.obj

.debug_line     0x0000000000000000    0x174de
 *(SORT_BY_ALIGNMENT(.debug_line) SORT_BY_ALIGNMENT(.debug_line.*) SORT_BY_ALIGNMENT(.debug_line_end))
 .debug_line    0x0000000000000000      0x227 zephyr/CMakeFiles/zephyr_final.dir/isr_tables.c.obj
 .debug_line    0x0000000000000227      0x795 app/libapp.a(main.c.obj)
 .debug_line    0x00000000000009bc      0x709 zephyr/libzephyr.a(fdtable.c.obj)
 .debug_line    0x00000000000010c5      0xdc6 zephyr/libzephyr.a(mempool.c.obj)
 .debug_line    0x0000000000001e8b      0x471 zephyr/libzephyr.a(thread_entry.c.obj)
 .debug_line    0x00000000000022fc      0x13f zephyr/libzephyr.a(configs.c.obj)
 .debug_line    0x000000000000243b      0xd32 zephyr/libzephyr.a(nrf_power_clock.c.obj)
 .debug_line    0x000000000000316d      0xb99 zephyr/libzephyr.a(display_st7789v.c.obj)
 .debug_line    0x0000000000003d06      0x471 zephyr/libzephyr.a(sys_clock_init.c.obj)
 .debug_line    0x0000000000004177      0xbfa zephyr/libzephyr.a(nrf_rtc_timer.c.obj)
 .debug_line    0x0000000000004d71      0x258 zephyr/arch/common/libarch__common.a(isr_tables.c.obj)
 .debug_line    0x0000000000004fc9       0x8d zephyr/arch/arch/arm/core/aarch32/libarch__arm__core__aarch32.a(exc_exit.S.obj)
 .debug_line    0x0000000000005056      0x4fc zephyr/arch/arch/arm/core/aarch32/libarch__arm__core__aarch32.a(swap.c.obj)
 .debug_line    0x0000000000005552       0xd3 zephyr/arch/arch/arm/core/aarch32/libarch__arm__core__aarch32.a(swap_helper.S.obj)
 .debug_line    0x0000000000005625      0x598 zephyr/arch/arch/arm/core/aarch32/libarch__arm__core__aarch32.a(irq_manage.c.obj)
 .debug_line    0x0000000000005bbd      0x5f4 zephyr/arch/arch/arm/core/aarch32/libarch__arm__core__aarch32.a(thread.c.obj)
 .debug_line    0x00000000000061b1       0xab zephyr/arch/arch/arm/core/aarch32/libarch__arm__core__aarch32.a(cpu_idle.S.obj)
 .debug_line    0x000000000000625c       0x83 zephyr/arch/arch/arm/core/aarch32/libarch__arm__core__aarch32.a(fault_s.S.obj)
 .debug_line    0x00000000000062df      0x50a zephyr/arch/arch/arm/core/aarch32/libarch__arm__core__aarch32.a(fatal.c.obj)
 .debug_line    0x00000000000067e9      0x41f zephyr/arch/arch/arm/core/aarch32/libarch__arm__core__aarch32.a(nmi.c.obj)
 .debug_line    0x0000000000006c08       0x81 zephyr/arch/arch/arm/core/aarch32/libarch__arm__core__aarch32.a(nmi_on_reset.S.obj)
 .debug_line    0x0000000000006c89      0x563 zephyr/arch/arch/arm/core/aarch32/libarch__arm__core__aarch32.a(prep_c.c.obj)
 .debug_line    0x00000000000071ec       0xaa zephyr/arch/arch/arm/core/aarch32/libarch__arm__core__aarch32.a(isr_wrapper.S.obj)
 .debug_line    0x0000000000007296       0x93 zephyr/arch/arch/arm/core/aarch32/cortex_m/libarch__arm__core__aarch32__cortex_m.a(reset.S.obj)
 .debug_line    0x0000000000007329      0x996 zephyr/arch/arch/arm/core/aarch32/cortex_m/libarch__arm__core__aarch32__cortex_m.a(fault.c.obj)
 .debug_line    0x0000000000007cbf      0x318 zephyr/arch/arch/arm/core/aarch32/cortex_m/libarch__arm__core__aarch32__cortex_m.a(irq_init.c.obj)
 .debug_line    0x0000000000007fd7      0x56c zephyr/arch/arch/arm/core/aarch32/cortex_m/libarch__arm__core__aarch32__cortex_m.a(thread_abort.c.obj)
 .debug_line    0x0000000000008543      0x527 zephyr/arch/arch/arm/core/aarch32/cortex_m/mpu/libarch__arm__core__aarch32__cortex_m__mpu.a(arm_core_mpu.c.obj)
 .debug_line    0x0000000000008a6a      0x980 zephyr/arch/arch/arm/core/aarch32/cortex_m/mpu/libarch__arm__core__aarch32__cortex_m__mpu.a(arm_mpu.c.obj)
 .debug_line    0x00000000000093ea      0x604 zephyr/lib/libc/minimal/liblib__libc__minimal.a(string.c.obj)
 .debug_line    0x00000000000099ee      0x269 zephyr/soc/arm/common/cortex_m/libsoc__arm__common__cortex_m.a(arm_mpu_regions.c.obj)
 .debug_line    0x0000000000009c57      0x669 zephyr/soc/arm/nordic_nrf/nrf52/libsoc__arm__nordic_nrf__nrf52.a(soc.c.obj)
 .debug_line    0x000000000000a2c0     0x1240 zephyr/drivers/gpio/libdrivers__gpio.a(gpio_nrfx.c.obj)
 .debug_line    0x000000000000b500      0x905 zephyr/drivers/i2c/libdrivers__i2c.a(i2c_nrfx_twi.c.obj)
 .debug_line    0x000000000000be05      0xf3d zephyr/drivers/spi/libdrivers__spi.a(spi_nrfx_spi.c.obj)
 .debug_line    0x000000000000cd42      0x4db modules/nrf/lib/fatal_error/lib..__nrf__lib__fatal_error.a(fatal_error.c.obj)
 .debug_line    0x000000000000d21d      0x565 modules/nordic/lib..__modules__hal__nordic.a(system_nrf52.c.obj)
 .debug_line    0x000000000000d782      0x4aa modules/nordic/lib..__modules__hal__nordic.a(nrfx_glue.c.obj)
 .debug_line    0x000000000000dc2c      0xd7e modules/nordic/lib..__modules__hal__nordic.a(nrfx_spi.c.obj)
 .debug_line    0x000000000000e9aa     0x1184 modules/nordic/lib..__modules__hal__nordic.a(nrfx_twi.c.obj)
 .debug_line    0x000000000000fb2e      0x523 zephyr/kernel/libkernel.a(device.c.obj)
 .debug_line    0x0000000000010051      0x437 zephyr/kernel/libkernel.a(errno.c.obj)
 .debug_line    0x0000000000010488      0x6bf zephyr/kernel/libkernel.a(fatal.c.obj)
 .debug_line    0x0000000000010b47      0x5c9 zephyr/kernel/libkernel.a(idle.c.obj)
 .debug_line    0x0000000000011110      0xaf1 zephyr/kernel/libkernel.a(init.c.obj)
 .debug_line    0x0000000000011c01      0x88d zephyr/kernel/libkernel.a(mempool.c.obj)
 .debug_line    0x000000000001248e     0x2899 zephyr/kernel/libkernel.a(sched.c.obj)
 .debug_line    0x0000000000014d27      0x763 zephyr/kernel/libkernel.a(sem.c.obj)
 .debug_line    0x000000000001548a      0xcb4 zephyr/kernel/libkernel.a(thread.c.obj)
 .debug_line    0x000000000001613e      0xeb8 zephyr/kernel/libkernel.a(timeout.c.obj)
 .debug_line    0x0000000000016ff6      0x4e8 zephyr/CMakeFiles/offsets.dir/arch/arm/core/offsets/offsets.c.obj

.debug_frame    0x0000000000000000     0x1c30
 *(SORT_BY_ALIGNMENT(.debug_frame))
 .debug_frame   0x0000000000000000       0x54 app/libapp.a(main.c.obj)
 .debug_frame   0x0000000000000054       0xb4 zephyr/libzephyr.a(fdtable.c.obj)
 .debug_frame   0x0000000000000108      0x154 zephyr/libzephyr.a(mempool.c.obj)
 .debug_frame   0x000000000000025c       0x28 zephyr/libzephyr.a(thread_entry.c.obj)
 .debug_frame   0x0000000000000284       0x20 zephyr/libzephyr.a(configs.c.obj)
 .debug_frame   0x00000000000002a4       0xcc zephyr/libzephyr.a(nrf_power_clock.c.obj)
 .debug_frame   0x0000000000000370      0x168 zephyr/libzephyr.a(display_st7789v.c.obj)
 .debug_frame   0x00000000000004d8       0x70 zephyr/libzephyr.a(sys_clock_init.c.obj)
 .debug_frame   0x0000000000000548       0x84 zephyr/libzephyr.a(nrf_rtc_timer.c.obj)
 .debug_frame   0x00000000000005cc       0x20 zephyr/arch/arch/arm/core/aarch32/libarch__arm__core__aarch32.a(swap.c.obj)
 .debug_frame   0x00000000000005ec       0x78 zephyr/arch/arch/arm/core/aarch32/libarch__arm__core__aarch32.a(irq_manage.c.obj)
 .debug_frame   0x0000000000000664       0x50 zephyr/arch/arch/arm/core/aarch32/libarch__arm__core__aarch32.a(thread.c.obj)
 .debug_frame   0x00000000000006b4       0x48 zephyr/arch/arch/arm/core/aarch32/libarch__arm__core__aarch32.a(fatal.c.obj)
 .debug_frame   0x00000000000006fc       0x2c zephyr/arch/arch/arm/core/aarch32/libarch__arm__core__aarch32.a(nmi.c.obj)
 .debug_frame   0x0000000000000728       0x28 zephyr/arch/arch/arm/core/aarch32/libarch__arm__core__aarch32.a(prep_c.c.obj)
 .debug_frame   0x0000000000000750       0x78 zephyr/arch/arch/arm/core/aarch32/cortex_m/libarch__arm__core__aarch32__cortex_m.a(fault.c.obj)
 .debug_frame   0x00000000000007c8       0x20 zephyr/arch/arch/arm/core/aarch32/cortex_m/libarch__arm__core__aarch32__cortex_m.a(irq_init.c.obj)
 .debug_frame   0x00000000000007e8       0x34 zephyr/arch/arch/arm/core/aarch32/cortex_m/libarch__arm__core__aarch32__cortex_m.a(thread_abort.c.obj)
 .debug_frame   0x000000000000081c       0x40 zephyr/arch/arch/arm/core/aarch32/cortex_m/mpu/libarch__arm__core__aarch32__cortex_m__mpu.a(arm_core_mpu.c.obj)
 .debug_frame   0x000000000000085c       0x98 zephyr/arch/arch/arm/core/aarch32/cortex_m/mpu/libarch__arm__core__aarch32__cortex_m__mpu.a(arm_mpu.c.obj)
 .debug_frame   0x00000000000008f4      0x168 zephyr/lib/libc/minimal/liblib__libc__minimal.a(string.c.obj)
 .debug_frame   0x0000000000000a5c       0x50 zephyr/soc/arm/nordic_nrf/nrf52/libsoc__arm__nordic_nrf__nrf52.a(soc.c.obj)
 .debug_frame   0x0000000000000aac      0x134 zephyr/drivers/gpio/libdrivers__gpio.a(gpio_nrfx.c.obj)
 .debug_frame   0x0000000000000be0       0x78 zephyr/drivers/i2c/libdrivers__i2c.a(i2c_nrfx_twi.c.obj)
 .debug_frame   0x0000000000000c58      0x114 zephyr/drivers/spi/libdrivers__spi.a(spi_nrfx_spi.c.obj)
 .debug_frame   0x0000000000000d6c       0x28 modules/nrf/lib/fatal_error/lib..__nrf__lib__fatal_error.a(fatal_error.c.obj)
 .debug_frame   0x0000000000000d94       0x58 modules/nordic/lib..__modules__hal__nordic.a(system_nrf52.c.obj)
 .debug_frame   0x0000000000000dec       0x30 modules/nordic/lib..__modules__hal__nordic.a(nrfx_glue.c.obj)
 .debug_frame   0x0000000000000e1c       0xc8 modules/nordic/lib..__modules__hal__nordic.a(nrfx_spi.c.obj)
 .debug_frame   0x0000000000000ee4      0x170 modules/nordic/lib..__modules__hal__nordic.a(nrfx_twi.c.obj)
 .debug_frame   0x0000000000001054       0x68 zephyr/kernel/libkernel.a(device.c.obj)
 .debug_frame   0x00000000000010bc       0x20 zephyr/kernel/libkernel.a(errno.c.obj)
 .debug_frame   0x00000000000010dc       0x74 zephyr/kernel/libkernel.a(fatal.c.obj)
 .debug_frame   0x0000000000001150       0x38 zephyr/kernel/libkernel.a(idle.c.obj)
 .debug_frame   0x0000000000001188       0xa4 zephyr/kernel/libkernel.a(init.c.obj)
 .debug_frame   0x000000000000122c      0x110 zephyr/kernel/libkernel.a(mempool.c.obj)
 .debug_frame   0x000000000000133c      0x4e4 zephyr/kernel/libkernel.a(sched.c.obj)
 .debug_frame   0x0000000000001820       0x58 zephyr/kernel/libkernel.a(sem.c.obj)
 .debug_frame   0x0000000000001878      0x200 zephyr/kernel/libkernel.a(thread.c.obj)
 .debug_frame   0x0000000000001a78      0x138 zephyr/kernel/libkernel.a(timeout.c.obj)
 .debug_frame   0x0000000000001bb0       0x20 zephyr/CMakeFiles/offsets.dir/arch/arm/core/offsets/offsets.c.obj
 .debug_frame   0x0000000000001bd0       0x2c /Users/piotrek/Desktop/EMBEDDED/Pine_Time_Project/Arm_Embedded_GNU_Toolchain/gcc-arm-none-eabi-9-2019-q4-major/bin/../lib/gcc/arm-none-eabi/9.2.1/thumb/v7e-m/nofp/libgcc.a(_aeabi_uldivmod.o)
 .debug_frame   0x0000000000001bfc       0x34 /Users/piotrek/Desktop/EMBEDDED/Pine_Time_Project/Arm_Embedded_GNU_Toolchain/gcc-arm-none-eabi-9-2019-q4-major/bin/../lib/gcc/arm-none-eabi/9.2.1/thumb/v7e-m/nofp/libgcc.a(_udivmoddi4.o)

.debug_str      0x0000000000000000     0x76a4
 *(SORT_BY_ALIGNMENT(.debug_str))
 .debug_str     0x0000000000000000      0x27e zephyr/CMakeFiles/zephyr_final.dir/isr_tables.c.obj
                                        0x2f1 (size before relaxing)
 .debug_str     0x000000000000027e      0x743 app/libapp.a(main.c.obj)
                                        0xc0a (size before relaxing)
 .debug_str     0x00000000000009c1      0x28e zephyr/libzephyr.a(fdtable.c.obj)
                                        0x901 (size before relaxing)
 .debug_str     0x0000000000000c4f      0x2ad zephyr/libzephyr.a(mempool.c.obj)
                                        0x988 (size before relaxing)
 .debug_str     0x0000000000000efc       0x95 zephyr/libzephyr.a(thread_entry.c.obj)
                                        0x6d8 (size before relaxing)
 .debug_str     0x0000000000000f91       0x2f zephyr/libzephyr.a(configs.c.obj)
                                        0x19f (size before relaxing)
 .debug_str     0x0000000000000fc0      0xabd zephyr/libzephyr.a(nrf_power_clock.c.obj)
                                       0x11be (size before relaxing)
 .debug_str     0x0000000000001a7d      0x462 zephyr/libzephyr.a(display_st7789v.c.obj)
                                       0x10c1 (size before relaxing)
 .debug_str     0x0000000000001edf      0x11f zephyr/libzephyr.a(sys_clock_init.c.obj)
                                        0x8a2 (size before relaxing)
 .debug_str     0x0000000000001ffe      0x667 zephyr/libzephyr.a(nrf_rtc_timer.c.obj)
                                       0x10e2 (size before relaxing)
 .debug_str     0x0000000000002665       0x69 zephyr/arch/common/libarch__common.a(isr_tables.c.obj)
                                        0x34d (size before relaxing)
 .debug_str     0x00000000000026ce       0x5b zephyr/arch/arch/arm/core/aarch32/libarch__arm__core__aarch32.a(exc_exit.S.obj)
                                         0x8f (size before relaxing)
 .debug_str     0x0000000000002729      0x114 zephyr/arch/arch/arm/core/aarch32/libarch__arm__core__aarch32.a(swap.c.obj)
                                        0x75b (size before relaxing)
 .debug_str     0x000000000000283d       0x50 zephyr/arch/arch/arm/core/aarch32/libarch__arm__core__aarch32.a(swap_helper.S.obj)
                                         0x92 (size before relaxing)
 .debug_str     0x000000000000288d      0x113 zephyr/arch/arch/arm/core/aarch32/libarch__arm__core__aarch32.a(irq_manage.c.obj)
                                        0xac1 (size before relaxing)
 .debug_str     0x00000000000029a0      0x198 zephyr/arch/arch/arm/core/aarch32/libarch__arm__core__aarch32.a(thread.c.obj)
                                        0x861 (size before relaxing)
 .debug_str     0x0000000000002b38       0x4d zephyr/arch/arch/arm/core/aarch32/libarch__arm__core__aarch32.a(cpu_idle.S.obj)